<?xml version="1.0"?>
<link_info>
   <banner>TI ARM Linker PC v5.1.1</banner>
   <copyright>Copyright (c) 1996-2013 Texas Instruments Incorporated</copyright>
   <link_time>0x5c06a8ed</link_time>
   <link_errors>0x0</link_errors>
   <output_file>ADC_Test.out</output_file>
   <entry_point>
      <name>_c_int00</name>
      <address>0x3351</address>
   </entry_point>
   <input_file_list>
      <input_file id="fl-2">
         <path>.\</path>
         <kind>object</kind>
         <file>main.obj</file>
         <name>main.obj</name>
      </input_file>
      <input_file id="fl-3">
         <path>.\</path>
         <kind>object</kind>
         <file>lm4f120h5qr_startup_ccs.obj</file>
         <name>lm4f120h5qr_startup_ccs.obj</name>
      </input_file>
      <input_file id="fl-131">
         <path>C:\ti\ccsv5\tools\compiler\arm_5.1.1\lib\</path>
         <kind>archive</kind>
         <file>rtsv7M4_T_le_v4SPD16_eabi.lib</file>
         <name>boot.obj</name>
      </input_file>
      <input_file id="fl-132">
         <path>C:\ti\ccsv5\tools\compiler\arm_5.1.1\lib\</path>
         <kind>archive</kind>
         <file>rtsv7M4_T_le_v4SPD16_eabi.lib</file>
         <name>copy_decompress_none.obj</name>
      </input_file>
      <input_file id="fl-133">
         <path>C:\ti\ccsv5\tools\compiler\arm_5.1.1\lib\</path>
         <kind>archive</kind>
         <file>rtsv7M4_T_le_v4SPD16_eabi.lib</file>
         <name>copy_decompress_rle.obj</name>
      </input_file>
      <input_file id="fl-134">
         <path>C:\ti\ccsv5\tools\compiler\arm_5.1.1\lib\</path>
         <kind>archive</kind>
         <file>rtsv7M4_T_le_v4SPD16_eabi.lib</file>
         <name>copy_zero_init.obj</name>
      </input_file>
      <input_file id="fl-135">
         <path>C:\ti\ccsv5\tools\compiler\arm_5.1.1\lib\</path>
         <kind>archive</kind>
         <file>rtsv7M4_T_le_v4SPD16_eabi.lib</file>
         <name>exit.obj</name>
      </input_file>
      <input_file id="fl-136">
         <path>C:\ti\ccsv5\tools\compiler\arm_5.1.1\lib\</path>
         <kind>archive</kind>
         <file>rtsv7M4_T_le_v4SPD16_eabi.lib</file>
         <name>memcpy_t2.obj</name>
      </input_file>
      <input_file id="fl-137">
         <path>C:\ti\ccsv5\tools\compiler\arm_5.1.1\lib\</path>
         <kind>archive</kind>
         <file>rtsv7M4_T_le_v4SPD16_eabi.lib</file>
         <name>printf.obj</name>
      </input_file>
      <input_file id="fl-138">
         <path>C:\ti\ccsv5\tools\compiler\arm_5.1.1\lib\</path>
         <kind>archive</kind>
         <file>rtsv7M4_T_le_v4SPD16_eabi.lib</file>
         <name>stkdepth_vars.obj</name>
      </input_file>
      <input_file id="fl-139">
         <path>C:\ti\ccsv5\tools\compiler\arm_5.1.1\lib\</path>
         <kind>archive</kind>
         <file>rtsv7M4_T_le_v4SPD16_eabi.lib</file>
         <name>_lock.obj</name>
      </input_file>
      <input_file id="fl-13a">
         <path>C:\ti\ccsv5\tools\compiler\arm_5.1.1\lib\</path>
         <kind>archive</kind>
         <file>rtsv7M4_T_le_v4SPD16_eabi.lib</file>
         <name>_printfi.obj</name>
      </input_file>
      <input_file id="fl-13b">
         <path>C:\ti\ccsv5\tools\compiler\arm_5.1.1\lib\</path>
         <kind>archive</kind>
         <file>rtsv7M4_T_le_v4SPD16_eabi.lib</file>
         <name>args_main.obj</name>
      </input_file>
      <input_file id="fl-13c">
         <path>C:\ti\ccsv5\tools\compiler\arm_5.1.1\lib\</path>
         <kind>archive</kind>
         <file>rtsv7M4_T_le_v4SPD16_eabi.lib</file>
         <name>atoi.obj</name>
      </input_file>
      <input_file id="fl-13d">
         <path>C:\ti\ccsv5\tools\compiler\arm_5.1.1\lib\</path>
         <kind>archive</kind>
         <file>rtsv7M4_T_le_v4SPD16_eabi.lib</file>
         <name>auto_init.obj</name>
      </input_file>
      <input_file id="fl-13e">
         <path>C:\ti\ccsv5\tools\compiler\arm_5.1.1\lib\</path>
         <kind>archive</kind>
         <file>rtsv7M4_T_le_v4SPD16_eabi.lib</file>
         <name>cpy_tbl.obj</name>
      </input_file>
      <input_file id="fl-13f">
         <path>C:\ti\ccsv5\tools\compiler\arm_5.1.1\lib\</path>
         <kind>archive</kind>
         <file>rtsv7M4_T_le_v4SPD16_eabi.lib</file>
         <name>ctype.obj</name>
      </input_file>
      <input_file id="fl-140">
         <path>C:\ti\ccsv5\tools\compiler\arm_5.1.1\lib\</path>
         <kind>archive</kind>
         <file>rtsv7M4_T_le_v4SPD16_eabi.lib</file>
         <name>defs.obj</name>
      </input_file>
      <input_file id="fl-141">
         <path>C:\ti\ccsv5\tools\compiler\arm_5.1.1\lib\</path>
         <kind>archive</kind>
         <file>rtsv7M4_T_le_v4SPD16_eabi.lib</file>
         <name>fd_add_t2.obj</name>
      </input_file>
      <input_file id="fl-142">
         <path>C:\ti\ccsv5\tools\compiler\arm_5.1.1\lib\</path>
         <kind>archive</kind>
         <file>rtsv7M4_T_le_v4SPD16_eabi.lib</file>
         <name>fd_cmp_t2.obj</name>
      </input_file>
      <input_file id="fl-143">
         <path>C:\ti\ccsv5\tools\compiler\arm_5.1.1\lib\</path>
         <kind>archive</kind>
         <file>rtsv7M4_T_le_v4SPD16_eabi.lib</file>
         <name>fd_div_t2.obj</name>
      </input_file>
      <input_file id="fl-144">
         <path>C:\ti\ccsv5\tools\compiler\arm_5.1.1\lib\</path>
         <kind>archive</kind>
         <file>rtsv7M4_T_le_v4SPD16_eabi.lib</file>
         <name>fd_mul_t2.obj</name>
      </input_file>
      <input_file id="fl-145">
         <path>C:\ti\ccsv5\tools\compiler\arm_5.1.1\lib\</path>
         <kind>archive</kind>
         <file>rtsv7M4_T_le_v4SPD16_eabi.lib</file>
         <name>fd_toi_t2.obj</name>
      </input_file>
      <input_file id="fl-146">
         <path>C:\ti\ccsv5\tools\compiler\arm_5.1.1\lib\</path>
         <kind>archive</kind>
         <file>rtsv7M4_T_le_v4SPD16_eabi.lib</file>
         <name>fputc.obj</name>
      </input_file>
      <input_file id="fl-147">
         <path>C:\ti\ccsv5\tools\compiler\arm_5.1.1\lib\</path>
         <kind>archive</kind>
         <file>rtsv7M4_T_le_v4SPD16_eabi.lib</file>
         <name>fputs.obj</name>
      </input_file>
      <input_file id="fl-148">
         <path>C:\ti\ccsv5\tools\compiler\arm_5.1.1\lib\</path>
         <kind>archive</kind>
         <file>rtsv7M4_T_le_v4SPD16_eabi.lib</file>
         <name>i_tofd_t2.obj</name>
      </input_file>
      <input_file id="fl-149">
         <path>C:\ti\ccsv5\tools\compiler\arm_5.1.1\lib\</path>
         <kind>archive</kind>
         <file>rtsv7M4_T_le_v4SPD16_eabi.lib</file>
         <name>ll_mul_t2.obj</name>
      </input_file>
      <input_file id="fl-14a">
         <path>C:\ti\ccsv5\tools\compiler\arm_5.1.1\lib\</path>
         <kind>archive</kind>
         <file>rtsv7M4_T_le_v4SPD16_eabi.lib</file>
         <name>lowlev.obj</name>
      </input_file>
      <input_file id="fl-14b">
         <path>C:\ti\ccsv5\tools\compiler\arm_5.1.1\lib\</path>
         <kind>archive</kind>
         <file>rtsv7M4_T_le_v4SPD16_eabi.lib</file>
         <name>ltoa.obj</name>
      </input_file>
      <input_file id="fl-14c">
         <path>C:\ti\ccsv5\tools\compiler\arm_5.1.1\lib\</path>
         <kind>archive</kind>
         <file>rtsv7M4_T_le_v4SPD16_eabi.lib</file>
         <name>memccpy.obj</name>
      </input_file>
      <input_file id="fl-14d">
         <path>C:\ti\ccsv5\tools\compiler\arm_5.1.1\lib\</path>
         <kind>archive</kind>
         <file>rtsv7M4_T_le_v4SPD16_eabi.lib</file>
         <name>memchr.obj</name>
      </input_file>
      <input_file id="fl-14e">
         <path>C:\ti\ccsv5\tools\compiler\arm_5.1.1\lib\</path>
         <kind>archive</kind>
         <file>rtsv7M4_T_le_v4SPD16_eabi.lib</file>
         <name>memset_t2.obj</name>
      </input_file>
      <input_file id="fl-14f">
         <path>C:\ti\ccsv5\tools\compiler\arm_5.1.1\lib\</path>
         <kind>archive</kind>
         <file>rtsv7M4_T_le_v4SPD16_eabi.lib</file>
         <name>strchr.obj</name>
      </input_file>
      <input_file id="fl-150">
         <path>C:\ti\ccsv5\tools\compiler\arm_5.1.1\lib\</path>
         <kind>archive</kind>
         <file>rtsv7M4_T_le_v4SPD16_eabi.lib</file>
         <name>strcmp.obj</name>
      </input_file>
      <input_file id="fl-151">
         <path>C:\ti\ccsv5\tools\compiler\arm_5.1.1\lib\</path>
         <kind>archive</kind>
         <file>rtsv7M4_T_le_v4SPD16_eabi.lib</file>
         <name>strlen.obj</name>
      </input_file>
      <input_file id="fl-152">
         <path>C:\ti\ccsv5\tools\compiler\arm_5.1.1\lib\</path>
         <kind>archive</kind>
         <file>rtsv7M4_T_le_v4SPD16_eabi.lib</file>
         <name>strncpy.obj</name>
      </input_file>
      <input_file id="fl-153">
         <path>C:\ti\ccsv5\tools\compiler\arm_5.1.1\lib\</path>
         <kind>archive</kind>
         <file>rtsv7M4_T_le_v4SPD16_eabi.lib</file>
         <name>trgdrv.obj</name>
      </input_file>
      <input_file id="fl-154">
         <path>C:\ti\ccsv5\tools\compiler\arm_5.1.1\lib\</path>
         <kind>archive</kind>
         <file>rtsv7M4_T_le_v4SPD16_eabi.lib</file>
         <name>trgmsg.obj</name>
      </input_file>
      <input_file id="fl-155">
         <path>C:\ti\ccsv5\tools\compiler\arm_5.1.1\lib\</path>
         <kind>archive</kind>
         <file>rtsv7M4_T_le_v4SPD16_eabi.lib</file>
         <name>ull_div_t2.obj</name>
      </input_file>
      <input_file id="fl-156">
         <path>C:\ti\ccsv5\tools\compiler\arm_5.1.1\lib\</path>
         <kind>archive</kind>
         <file>rtsv7M4_T_le_v4SPD16_eabi.lib</file>
         <name>xdclass.obj</name>
      </input_file>
      <input_file id="fl-157">
         <path>C:\ti\ccsv5\tools\compiler\arm_5.1.1\lib\</path>
         <kind>archive</kind>
         <file>rtsv7M4_T_le_v4SPD16_eabi.lib</file>
         <name>xdtest.obj</name>
      </input_file>
      <input_file id="fl-158">
         <path>C:\ti\ccsv5\tools\compiler\arm_5.1.1\lib\</path>
         <kind>archive</kind>
         <file>rtsv7M4_T_le_v4SPD16_eabi.lib</file>
         <name>_io_perm.obj</name>
      </input_file>
      <input_file id="fl-159">
         <path>C:\ti\ccsv5\tools\compiler\arm_5.1.1\lib\</path>
         <kind>archive</kind>
         <file>rtsv7M4_T_le_v4SPD16_eabi.lib</file>
         <name>fflush.obj</name>
      </input_file>
      <input_file id="fl-15a">
         <path>C:\ti\ccsv5\tools\compiler\arm_5.1.1\lib\</path>
         <kind>archive</kind>
         <file>rtsv7M4_T_le_v4SPD16_eabi.lib</file>
         <name>fseek.obj</name>
      </input_file>
      <input_file id="fl-15b">
         <path>C:\ti\ccsv5\tools\compiler\arm_5.1.1\lib\</path>
         <kind>archive</kind>
         <file>rtsv7M4_T_le_v4SPD16_eabi.lib</file>
         <name>setvbuf.obj</name>
      </input_file>
      <input_file id="fl-15c">
         <path>C:\ti\ccsv5\tools\compiler\arm_5.1.1\lib\</path>
         <kind>archive</kind>
         <file>rtsv7M4_T_le_v4SPD16_eabi.lib</file>
         <name>strcpy.obj</name>
      </input_file>
      <input_file id="fl-15d">
         <path>C:\ti\ccsv5\tools\compiler\arm_5.1.1\lib\</path>
         <kind>archive</kind>
         <file>rtsv7M4_T_le_v4SPD16_eabi.lib</file>
         <name>fopen.obj</name>
      </input_file>
      <input_file id="fl-15e">
         <path>C:\ti\ccsv5\tools\compiler\arm_5.1.1\lib\</path>
         <kind>archive</kind>
         <file>rtsv7M4_T_le_v4SPD16_eabi.lib</file>
         <name>memory.obj</name>
      </input_file>
      <input_file id="fl-15f">
         <path>C:\ti\ccsv5\tools\compiler\arm_5.1.1\lib\</path>
         <kind>archive</kind>
         <file>rtsv7M4_T_le_v4SPD16_eabi.lib</file>
         <name>fclose.obj</name>
      </input_file>
      <input_file id="fl-160">
         <path>C:\ti\ccsv5\tools\compiler\arm_5.1.1\lib\</path>
         <kind>archive</kind>
         <file>rtsv7M4_T_le_v4SPD16_eabi.lib</file>
         <name>remove.obj</name>
      </input_file>
      <input_file id="fl-161">
         <path>C:\StellarisWare\driverlib\ccs-cm4f\Debug\</path>
         <kind>archive</kind>
         <file>driverlib-cm4f.lib</file>
         <name>uart.obj</name>
      </input_file>
      <input_file id="fl-162">
         <path>C:\StellarisWare\driverlib\ccs-cm4f\Debug\</path>
         <kind>archive</kind>
         <file>driverlib-cm4f.lib</file>
         <name>sysctl.obj</name>
      </input_file>
      <input_file id="fl-163">
         <path>C:\StellarisWare\driverlib\ccs-cm4f\Debug\</path>
         <kind>archive</kind>
         <file>driverlib-cm4f.lib</file>
         <name>interrupt.obj</name>
      </input_file>
      <input_file id="fl-164">
         <path>C:\StellarisWare\driverlib\ccs-cm4f\Debug\</path>
         <kind>archive</kind>
         <file>driverlib-cm4f.lib</file>
         <name>gpio.obj</name>
      </input_file>
      <input_file id="fl-165">
         <path>C:\StellarisWare\driverlib\ccs-cm4f\Debug\</path>
         <kind>archive</kind>
         <file>driverlib-cm4f.lib</file>
         <name>cpu.obj</name>
      </input_file>
      <input_file id="fl-166">
         <path>C:\StellarisWare\driverlib\ccs-cm4f\Debug\</path>
         <kind>archive</kind>
         <file>driverlib-cm4f.lib</file>
         <name>adc.obj</name>
      </input_file>
   </input_file_list>
   <object_component_list>
      <object_component id="oc-e">
         <name>.intvecs</name>
         <load_address>0x0</load_address>
         <run_address>0x0</run_address>
         <size>0x26c</size>
         <input_file_ref idref="fl-3"/>
      </object_component>
      <object_component id="oc-163">
         <name>.text</name>
         <load_address>0x26c</load_address>
         <run_address>0x26c</run_address>
         <size>0xe8c</size>
         <input_file_ref idref="fl-13a"/>
      </object_component>
      <object_component id="oc-276">
         <name>.text</name>
         <load_address>0x10f8</load_address>
         <run_address>0x10f8</run_address>
         <size>0x3cc</size>
         <input_file_ref idref="fl-15e"/>
      </object_component>
      <object_component id="oc-1af">
         <name>.text</name>
         <load_address>0x14c4</load_address>
         <run_address>0x14c4</run_address>
         <size>0x310</size>
         <input_file_ref idref="fl-14a"/>
      </object_component>
      <object_component id="oc-293">
         <name>.text</name>
         <load_address>0x17d4</load_address>
         <run_address>0x17d4</run_address>
         <size>0x2d4</size>
         <input_file_ref idref="fl-153"/>
      </object_component>
      <object_component id="oc-2b">
         <name>.text</name>
         <load_address>0x1aa8</load_address>
         <run_address>0x1aa8</run_address>
         <size>0x230</size>
         <input_file_ref idref="fl-2"/>
      </object_component>
      <object_component id="oc-1c2">
         <name>.text</name>
         <load_address>0x1cd8</load_address>
         <run_address>0x1cd8</run_address>
         <size>0x1f4</size>
         <input_file_ref idref="fl-155"/>
      </object_component>
      <object_component id="oc-7a">
         <name>.text:SysCtlClockGet</name>
         <load_address>0x1ecc</load_address>
         <run_address>0x1ecc</run_address>
         <size>0x1d8</size>
         <input_file_ref idref="fl-162"/>
      </object_component>
      <object_component id="oc-27b">
         <name>.text</name>
         <load_address>0x20a4</load_address>
         <run_address>0x20a4</run_address>
         <size>0x1c0</size>
         <input_file_ref idref="fl-15d"/>
      </object_component>
      <object_component id="oc-1e7">
         <name>.text</name>
         <load_address>0x2264</load_address>
         <run_address>0x2264</run_address>
         <size>0x1b6</size>
         <input_file_ref idref="fl-141"/>
      </object_component>
      <object_component id="oc-83">
         <name>.text:SysCtlClockSet</name>
         <load_address>0x241c</load_address>
         <run_address>0x241c</run_address>
         <size>0x13c</size>
         <input_file_ref idref="fl-162"/>
      </object_component>
      <object_component id="oc-1d2">
         <name>.text</name>
         <load_address>0x2558</load_address>
         <run_address>0x2558</run_address>
         <size>0x136</size>
         <input_file_ref idref="fl-143"/>
      </object_component>
      <object_component id="oc-15e">
         <name>.text</name>
         <load_address>0x2690</load_address>
         <run_address>0x2690</run_address>
         <size>0x134</size>
         <input_file_ref idref="fl-147"/>
      </object_component>
      <object_component id="oc-1ce">
         <name>.text</name>
         <load_address>0x27c4</load_address>
         <run_address>0x27c4</run_address>
         <size>0xfc</size>
         <input_file_ref idref="fl-144"/>
      </object_component>
      <object_component id="oc-223">
         <name>.text</name>
         <load_address>0x28c0</load_address>
         <run_address>0x28c0</run_address>
         <size>0xdc</size>
         <input_file_ref idref="fl-15b"/>
      </object_component>
      <object_component id="oc-136">
         <name>.text:GPIOPadConfigSet</name>
         <load_address>0x299c</load_address>
         <run_address>0x299c</run_address>
         <size>0xc8</size>
         <input_file_ref idref="fl-164"/>
      </object_component>
      <object_component id="oc-1aa">
         <name>.text</name>
         <load_address>0x2a64</load_address>
         <run_address>0x2a64</run_address>
         <size>0xc0</size>
         <input_file_ref idref="fl-159"/>
      </object_component>
      <object_component id="oc-1a5">
         <name>.text</name>
         <load_address>0x2b24</load_address>
         <run_address>0x2b24</run_address>
         <size>0xac</size>
         <input_file_ref idref="fl-158"/>
      </object_component>
      <object_component id="oc-159">
         <name>.text</name>
         <load_address>0x2bd0</load_address>
         <run_address>0x2bd0</run_address>
         <size>0x9c</size>
         <input_file_ref idref="fl-146"/>
      </object_component>
      <object_component id="oc-44">
         <name>.text</name>
         <load_address>0x2c6c</load_address>
         <run_address>0x2c6c</run_address>
         <size>0x9c</size>
         <input_file_ref idref="fl-136"/>
      </object_component>
      <object_component id="oc-2b5">
         <name>.text</name>
         <load_address>0x2d08</load_address>
         <run_address>0x2d08</run_address>
         <size>0x98</size>
         <input_file_ref idref="fl-15f"/>
      </object_component>
      <object_component id="oc-33">
         <name>.text</name>
         <load_address>0x2da0</load_address>
         <run_address>0x2da0</run_address>
         <size>0x94</size>
         <input_file_ref idref="fl-13d"/>
      </object_component>
      <object_component id="oc-1ca">
         <name>.text:__aeabi_cdcmple</name>
         <load_address>0x2e34</load_address>
         <run_address>0x2e34</run_address>
         <size>0x7e</size>
         <input_file_ref idref="fl-142"/>
      </object_component>
      <object_component id="oc-1d6">
         <name>.text:__aeabi_cdrcmple</name>
         <load_address>0x2eb2</load_address>
         <run_address>0x2eb2</run_address>
         <size>0x7e</size>
         <input_file_ref idref="fl-142"/>
      </object_component>
      <object_component id="oc-1eb">
         <name>.text</name>
         <load_address>0x2f30</load_address>
         <run_address>0x2f30</run_address>
         <size>0x78</size>
         <input_file_ref idref="fl-14e"/>
      </object_component>
      <object_component id="oc-cb">
         <name>.text</name>
         <load_address>0x2fa8</load_address>
         <run_address>0x2fa8</run_address>
         <size>0x70</size>
         <input_file_ref idref="fl-137"/>
      </object_component>
      <object_component id="oc-a3">
         <name>.text:ADCSequenceStepConfigure</name>
         <load_address>0x3018</load_address>
         <run_address>0x3018</run_address>
         <size>0x6c</size>
         <input_file_ref idref="fl-166"/>
      </object_component>
      <object_component id="oc-b3">
         <name>.text:IntEnable</name>
         <load_address>0x3084</load_address>
         <run_address>0x3084</run_address>
         <size>0x64</size>
         <input_file_ref idref="fl-163"/>
      </object_component>
      <object_component id="oc-21e">
         <name>.text</name>
         <load_address>0x30e8</load_address>
         <run_address>0x30e8</run_address>
         <size>0x64</size>
         <input_file_ref idref="fl-15a"/>
      </object_component>
      <object_component id="oc-2c5">
         <name>.text</name>
         <load_address>0x314c</load_address>
         <run_address>0x314c</run_address>
         <size>0x60</size>
         <input_file_ref idref="fl-154"/>
      </object_component>
      <object_component id="oc-56">
         <name>.text</name>
         <load_address>0x31ac</load_address>
         <run_address>0x31ac</run_address>
         <size>0x5e</size>
         <input_file_ref idref="fl-133"/>
      </object_component>
      <object_component id="oc-1de">
         <name>.text</name>
         <load_address>0x320a</load_address>
         <run_address>0x320a</run_address>
         <size>0x5a</size>
         <input_file_ref idref="fl-14b"/>
      </object_component>
      <object_component id="oc-87">
         <name>.text:SysCtlPeripheralEnable</name>
         <load_address>0x3264</load_address>
         <run_address>0x3264</run_address>
         <size>0x58</size>
         <input_file_ref idref="fl-162"/>
      </object_component>
      <object_component id="oc-1f9">
         <name>.text</name>
         <load_address>0x32bc</load_address>
         <run_address>0x32bc</run_address>
         <size>0x4c</size>
         <input_file_ref idref="fl-13c"/>
      </object_component>
      <object_component id="oc-8b">
         <name>.text:GPIOPinConfigure</name>
         <load_address>0x3308</load_address>
         <run_address>0x3308</run_address>
         <size>0x48</size>
         <input_file_ref idref="fl-164"/>
      </object_component>
      <object_component id="oc-10">
         <name>.text</name>
         <load_address>0x3350</load_address>
         <run_address>0x3350</run_address>
         <size>0x48</size>
         <input_file_ref idref="fl-131"/>
      </object_component>
      <object_component id="oc-1da">
         <name>.text</name>
         <load_address>0x3398</load_address>
         <run_address>0x3398</run_address>
         <size>0x48</size>
         <input_file_ref idref="fl-145"/>
      </object_component>
      <object_component id="oc-e9">
         <name>.text</name>
         <load_address>0x33e0</load_address>
         <run_address>0x33e0</run_address>
         <size>0x44</size>
         <input_file_ref idref="fl-13e"/>
      </object_component>
      <object_component id="oc-3c">
         <name>.text</name>
         <load_address>0x3424</load_address>
         <run_address>0x3424</run_address>
         <size>0x44</size>
         <input_file_ref idref="fl-135"/>
      </object_component>
      <object_component id="oc-25a">
         <name>.text</name>
         <load_address>0x3468</load_address>
         <run_address>0x3468</run_address>
         <size>0x44</size>
         <input_file_ref idref="fl-157"/>
      </object_component>
      <object_component id="oc-ab">
         <name>.text:UARTConfigSetExpClk</name>
         <load_address>0x34ac</load_address>
         <run_address>0x34ac</run_address>
         <size>0x42</size>
         <input_file_ref idref="fl-161"/>
      </object_component>
      <object_component id="oc-238">
         <name>.text</name>
         <load_address>0x34ee</load_address>
         <run_address>0x34ee</run_address>
         <size>0x30</size>
         <input_file_ref idref="fl-152"/>
      </object_component>
      <object_component id="oc-c7">
         <name>.text:ADCIntStatus</name>
         <load_address>0x351e</load_address>
         <run_address>0x351e</run_address>
         <size>0x2e</size>
         <input_file_ref idref="fl-166"/>
      </object_component>
      <object_component id="oc-132">
         <name>.text:GPIODirModeSet</name>
         <load_address>0x354c</load_address>
         <run_address>0x354c</run_address>
         <size>0x2e</size>
         <input_file_ref idref="fl-164"/>
      </object_component>
      <object_component id="oc-1e3">
         <name>.text</name>
         <load_address>0x357a</load_address>
         <run_address>0x357a</run_address>
         <size>0x2e</size>
         <input_file_ref idref="fl-148"/>
      </object_component>
      <object_component id="oc-9f">
         <name>.text:ADCSequenceConfigure</name>
         <load_address>0x35a8</load_address>
         <run_address>0x35a8</run_address>
         <size>0x2a</size>
         <input_file_ref idref="fl-166"/>
      </object_component>
      <object_component id="oc-d0">
         <name>.text:ADCSequenceDataGet</name>
         <load_address>0x35d2</load_address>
         <run_address>0x35d2</run_address>
         <size>0x20</size>
         <input_file_ref idref="fl-166"/>
      </object_component>
      <object_component id="oc-97">
         <name>.text:SysCtlADCSpeedSet</name>
         <load_address>0x35f4</load_address>
         <run_address>0x35f4</run_address>
         <size>0x20</size>
         <input_file_ref idref="fl-162"/>
      </object_component>
      <object_component id="oc-142">
         <name>.text:UARTDisable</name>
         <load_address>0x3614</load_address>
         <run_address>0x3614</run_address>
         <size>0x1c</size>
         <input_file_ref idref="fl-161"/>
      </object_component>
      <object_component id="oc-1f4">
         <name>.text</name>
         <load_address>0x3630</load_address>
         <run_address>0x3630</run_address>
         <size>0x1c</size>
         <input_file_ref idref="fl-14c"/>
      </object_component>
      <object_component id="oc-37">
         <name>.text</name>
         <load_address>0x364c</load_address>
         <run_address>0x364c</run_address>
         <size>0x18</size>
         <input_file_ref idref="fl-13b"/>
      </object_component>
      <object_component id="oc-1c6">
         <name>.text</name>
         <load_address>0x3664</load_address>
         <run_address>0x3664</run_address>
         <size>0x18</size>
         <input_file_ref idref="fl-149"/>
      </object_component>
      <object_component id="oc-22e">
         <name>.text</name>
         <load_address>0x367c</load_address>
         <run_address>0x367c</run_address>
         <size>0x18</size>
         <input_file_ref idref="fl-150"/>
      </object_component>
      <object_component id="oc-c3">
         <name>.text:ADCProcessorTrigger</name>
         <load_address>0x3694</load_address>
         <run_address>0x3694</run_address>
         <size>0x16</size>
         <input_file_ref idref="fl-166"/>
      </object_component>
      <object_component id="oc-1bb">
         <name>.text</name>
         <load_address>0x36aa</load_address>
         <run_address>0x36aa</run_address>
         <size>0x16</size>
         <input_file_ref idref="fl-14d"/>
      </object_component>
      <object_component id="oc-233">
         <name>.text</name>
         <load_address>0x36c0</load_address>
         <run_address>0x36c0</run_address>
         <size>0x16</size>
         <input_file_ref idref="fl-14f"/>
      </object_component>
      <object_component id="oc-146">
         <name>.text:UARTEnable</name>
         <load_address>0x36d6</load_address>
         <run_address>0x36d6</run_address>
         <size>0x14</size>
         <input_file_ref idref="fl-161"/>
      </object_component>
      <object_component id="oc-182">
         <name>.text</name>
         <load_address>0x36ec</load_address>
         <run_address>0x36ec</run_address>
         <size>0x14</size>
         <input_file_ref idref="fl-139"/>
      </object_component>
      <object_component id="oc-1b6">
         <name>.text</name>
         <load_address>0x3700</load_address>
         <run_address>0x3700</run_address>
         <size>0x14</size>
         <input_file_ref idref="fl-151"/>
      </object_component>
      <object_component id="oc-93">
         <name>.text:GPIOPinTypeGPIOOutput</name>
         <load_address>0x3714</load_address>
         <run_address>0x3714</run_address>
         <size>0x12</size>
         <input_file_ref idref="fl-164"/>
      </object_component>
      <object_component id="oc-8f">
         <name>.text:GPIOPinTypeUART</name>
         <load_address>0x3726</load_address>
         <run_address>0x3726</run_address>
         <size>0x12</size>
         <input_file_ref idref="fl-164"/>
      </object_component>
      <object_component id="oc-19">
         <name>.text:decompress:ZI</name>
         <load_address>0x3738</load_address>
         <run_address>0x3738</run_address>
         <size>0x12</size>
         <input_file_ref idref="fl-134"/>
      </object_component>
      <object_component id="oc-1ef">
         <name>.text</name>
         <load_address>0x374a</load_address>
         <run_address>0x374a</run_address>
         <size>0x12</size>
         <input_file_ref idref="fl-156"/>
      </object_component>
      <object_component id="oc-6e">
         <name>.text:UARTCharGetNonBlocking</name>
         <load_address>0x375c</load_address>
         <run_address>0x375c</run_address>
         <size>0x10</size>
         <input_file_ref idref="fl-161"/>
      </object_component>
      <object_component id="oc-72">
         <name>.text:UARTCharPutNonBlocking</name>
         <load_address>0x376c</load_address>
         <run_address>0x376c</run_address>
         <size>0x10</size>
         <input_file_ref idref="fl-161"/>
      </object_component>
      <object_component id="oc-2ca">
         <name>.text</name>
         <load_address>0x377c</load_address>
         <run_address>0x377c</run_address>
         <size>0x10</size>
         <input_file_ref idref="fl-15c"/>
      </object_component>
      <object_component id="oc-9b">
         <name>.text:ADCSequenceDisable</name>
         <load_address>0x378c</load_address>
         <run_address>0x378c</run_address>
         <size>0xe</size>
         <input_file_ref idref="fl-166"/>
      </object_component>
      <object_component id="oc-a7">
         <name>.text:ADCSequenceEnable</name>
         <load_address>0x379a</load_address>
         <run_address>0x379a</run_address>
         <size>0xe</size>
         <input_file_ref idref="fl-166"/>
      </object_component>
      <object_component id="oc-14">
         <name>.text:decompress:none</name>
         <load_address>0x37a8</load_address>
         <run_address>0x37a8</run_address>
         <size>0xe</size>
         <input_file_ref idref="fl-132"/>
      </object_component>
      <object_component id="oc-14b">
         <name>.text:CPUcpsie</name>
         <load_address>0x37b6</load_address>
         <run_address>0x37b6</run_address>
         <size>0xc</size>
         <input_file_ref idref="fl-165"/>
      </object_component>
      <object_component id="oc-7f">
         <name>.text:UARTCharsAvail</name>
         <load_address>0x37c2</load_address>
         <run_address>0x37c2</run_address>
         <size>0xc</size>
         <input_file_ref idref="fl-161"/>
      </object_component>
      <object_component id="oc-26">
         <name>.text</name>
         <load_address>0x37ce</load_address>
         <run_address>0x37ce</run_address>
         <size>0xc</size>
         <input_file_ref idref="fl-3"/>
      </object_component>
      <object_component id="oc-bf">
         <name>.text:ADCIntClear</name>
         <load_address>0x37da</load_address>
         <run_address>0x37da</run_address>
         <size>0xa</size>
         <input_file_ref idref="fl-166"/>
      </object_component>
      <object_component id="oc-76">
         <name>.text:GPIOPinWrite</name>
         <load_address>0x37e4</load_address>
         <run_address>0x37e4</run_address>
         <size>0xa</size>
         <input_file_ref idref="fl-164"/>
      </object_component>
      <object_component id="oc-af">
         <name>.text:IntMasterEnable</name>
         <load_address>0x37ee</load_address>
         <run_address>0x37ee</run_address>
         <size>0xa</size>
         <input_file_ref idref="fl-163"/>
      </object_component>
      <object_component id="oc-bb">
         <name>.text:UARTCharPut</name>
         <load_address>0x37f8</load_address>
         <run_address>0x37f8</run_address>
         <size>0xa</size>
         <input_file_ref idref="fl-161"/>
      </object_component>
      <object_component id="oc-66">
         <name>.text:UARTIntStatus</name>
         <load_address>0x3802</load_address>
         <run_address>0x3802</run_address>
         <size>0xa</size>
         <input_file_ref idref="fl-161"/>
      </object_component>
      <object_component id="oc-b7">
         <name>.text:UARTIntEnable</name>
         <load_address>0x380c</load_address>
         <run_address>0x380c</run_address>
         <size>0x8</size>
         <input_file_ref idref="fl-161"/>
      </object_component>
      <object_component id="oc-7e">
         <name>.text:SysCtlDelay</name>
         <load_address>0x3814</load_address>
         <run_address>0x3814</run_address>
         <size>0x6</size>
         <input_file_ref idref="fl-162"/>
      </object_component>
      <object_component id="oc-1e">
         <name>.text:decompress:rle24</name>
         <load_address>0x381a</load_address>
         <run_address>0x381a</run_address>
         <size>0x6</size>
         <input_file_ref idref="fl-133"/>
      </object_component>
      <object_component id="oc-6a">
         <name>.text:UARTIntClear</name>
         <load_address>0x3820</load_address>
         <run_address>0x3820</run_address>
         <size>0x4</size>
         <input_file_ref idref="fl-161"/>
      </object_component>
      <object_component id="oc-262">
         <name>.const:.string:_ctypes_</name>
         <load_address>0x3824</load_address>
         <run_address>0x3824</run_address>
         <size>0x102</size>
         <input_file_ref idref="fl-13f"/>
      </object_component>
      <object_component id="oc-12f">
         <name>.const:g_pulGPIOBaseAddrs</name>
         <load_address>0x3928</load_address>
         <run_address>0x3928</run_address>
         <size>0x78</size>
         <input_file_ref idref="fl-164"/>
      </object_component>
      <object_component id="oc-150">
         <name>.const</name>
         <load_address>0x39a0</load_address>
         <run_address>0x39a0</run_address>
         <size>0x70</size>
         <input_file_ref idref="fl-163"/>
      </object_component>
      <object_component id="oc-126">
         <name>.const:g_pulXtals</name>
         <load_address>0x3a10</load_address>
         <run_address>0x3a10</run_address>
         <size>0x6c</size>
         <input_file_ref idref="fl-162"/>
      </object_component>
      <object_component id="oc-12c">
         <name>.const</name>
         <load_address>0x3a7c</load_address>
         <run_address>0x3a7c</run_address>
         <size>0x40</size>
         <input_file_ref idref="fl-162"/>
      </object_component>
      <object_component id="oc-311">
         <name>.cinit..data.load</name>
         <load_address>0x3ac0</load_address>
         <run_address>0x3ac0</run_address>
         <size>0x77</size>
      </object_component>
      <object_component id="oc-30f">
         <name>__TI_handler_table</name>
         <load_address>0x3b38</load_address>
         <run_address>0x3b38</run_address>
         <size>0xc</size>
      </object_component>
      <object_component id="oc-312">
         <name>.cinit..bss.load</name>
         <load_address>0x3b48</load_address>
         <run_address>0x3b48</run_address>
         <size>0x8</size>
      </object_component>
      <object_component id="oc-310">
         <name>__TI_cinit_table</name>
         <load_address>0x3b50</load_address>
         <run_address>0x3b50</run_address>
         <size>0x10</size>
      </object_component>
      <object_component id="oc-41">
         <name>.data</name>
         <load_address>0x200011f0</load_address>
         <run_address>0x200011f0</run_address>
         <size>0x4</size>
         <input_file_ref idref="fl-138"/>
      </object_component>
      <object_component id="oc-f1">
         <name>.data</name>
         <load_address>0x200011dc</load_address>
         <run_address>0x200011dc</run_address>
         <size>0x8</size>
         <input_file_ref idref="fl-139"/>
      </object_component>
      <object_component id="oc-f3">
         <name>.data</name>
         <load_address>0x200011e4</load_address>
         <run_address>0x200011e4</run_address>
         <size>0x8</size>
         <input_file_ref idref="fl-135"/>
      </object_component>
      <object_component id="oc-168">
         <name>.data:_ftable</name>
         <load_address>0x20001000</load_address>
         <run_address>0x20001000</run_address>
         <size>0xf0</size>
         <input_file_ref idref="fl-140"/>
      </object_component>
      <object_component id="oc-22a">
         <name>.data</name>
         <load_address>0x200011c0</load_address>
         <run_address>0x200011c0</run_address>
         <size>0x10</size>
         <input_file_ref idref="fl-140"/>
      </object_component>
      <object_component id="oc-23d">
         <name>.data</name>
         <load_address>0x200010f0</load_address>
         <run_address>0x200010f0</run_address>
         <size>0xd0</size>
         <input_file_ref idref="fl-14a"/>
      </object_component>
      <object_component id="oc-2b2">
         <name>.data</name>
         <load_address>0x200011d0</load_address>
         <run_address>0x200011d0</run_address>
         <size>0xc</size>
         <input_file_ref idref="fl-15e"/>
      </object_component>
      <object_component id="oc-2ba">
         <name>.data</name>
         <load_address>0x200011ec</load_address>
         <run_address>0x200011ec</run_address>
         <size>0x4</size>
         <input_file_ref idref="fl-15d"/>
      </object_component>
      <object_component id="oc-2dd">
         <name>.bss:__TI_tmpnams</name>
         <uninitialized>true</uninitialized>
         <run_address>0x20001314</run_address>
         <size>0xa0</size>
         <input_file_ref idref="fl-140"/>
      </object_component>
      <object_component id="oc-2e3">
         <name>.bss:__CIOBUF_</name>
         <uninitialized>true</uninitialized>
         <run_address>0x200011f4</run_address>
         <size>0x120</size>
         <input_file_ref idref="fl-154"/>
      </object_component>
      <object_component id="oc-d9">
         <name>.common:ulADC0Value</name>
         <uninitialized>true</uninitialized>
         <run_address>0x200013b4</run_address>
         <size>0x10</size>
      </object_component>
      <object_component id="oc-d6">
         <name>.common:ulTempAvg</name>
         <uninitialized>true</uninitialized>
         <run_address>0x200013cc</run_address>
         <size>0x4</size>
      </object_component>
      <object_component id="oc-da">
         <name>.common:ulTempValueC</name>
         <uninitialized>true</uninitialized>
         <run_address>0x200013d0</run_address>
         <size>0x4</size>
      </object_component>
      <object_component id="oc-db">
         <name>.common:ulTempValueF</name>
         <uninitialized>true</uninitialized>
         <run_address>0x200013d4</run_address>
         <size>0x4</size>
      </object_component>
      <object_component id="oc-2cf">
         <name>.common:parmbuf</name>
         <uninitialized>true</uninitialized>
         <run_address>0x200013c4</run_address>
         <size>0x8</size>
      </object_component>
      <object_component id="oc-24">
         <name>.sysmem</name>
         <uninitialized>true</uninitialized>
         <run_address>0x20000800</run_address>
         <size>0x8</size>
         <input_file_ref idref="fl-15e"/>
      </object_component>
      <object_component id="oc-314">
         <name>.sysmem</name>
         <uninitialized>true</uninitialized>
         <run_address>0x20000800</run_address>
         <size>0x0</size>
      </object_component>
      <object_component id="oc-23">
         <name>.stack</name>
         <uninitialized>true</uninitialized>
         <run_address>0x20000000</run_address>
         <size>0x0</size>
         <input_file_ref idref="fl-131"/>
      </object_component>
      <object_component id="oc-313">
         <name>.stack</name>
         <uninitialized>true</uninitialized>
         <run_address>0x20000000</run_address>
         <size>0x0</size>
      </object_component>
      <object_component id="oc-f">
         <name>.debug_info</name>
         <load_address>0x0</load_address>
         <run_address>0x0</run_address>
         <size>0xee</size>
         <input_file_ref idref="fl-3"/>
      </object_component>
      <object_component id="oc-11">
         <name>.debug_info</name>
         <load_address>0xee</load_address>
         <run_address>0xee</run_address>
         <size>0xf3</size>
         <input_file_ref idref="fl-131"/>
      </object_component>
      <object_component id="oc-18">
         <name>.debug_info</name>
         <load_address>0x1e1</load_address>
         <run_address>0x1e1</run_address>
         <size>0x194</size>
         <input_file_ref idref="fl-132"/>
      </object_component>
      <object_component id="oc-1c">
         <name>.debug_info</name>
         <load_address>0x375</load_address>
         <run_address>0x375</run_address>
         <size>0x16a</size>
         <input_file_ref idref="fl-134"/>
      </object_component>
      <object_component id="oc-21">
         <name>.debug_info</name>
         <load_address>0x4df</load_address>
         <run_address>0x4df</run_address>
         <size>0x18e</size>
         <input_file_ref idref="fl-133"/>
      </object_component>
      <object_component id="oc-25">
         <name>.debug_info</name>
         <load_address>0x66d</load_address>
         <run_address>0x66d</run_address>
         <size>0xb6</size>
         <input_file_ref idref="fl-15e"/>
      </object_component>
      <object_component id="oc-27">
         <name>.debug_info</name>
         <load_address>0x723</load_address>
         <run_address>0x723</run_address>
         <size>0x262</size>
         <input_file_ref idref="fl-3"/>
      </object_component>
      <object_component id="oc-2c">
         <name>.debug_info</name>
         <load_address>0x985</load_address>
         <run_address>0x985</run_address>
         <size>0x592</size>
         <input_file_ref idref="fl-2"/>
      </object_component>
      <object_component id="oc-32">
         <name>.debug_info</name>
         <load_address>0xf17</load_address>
         <run_address>0xf17</run_address>
         <size>0x127</size>
         <input_file_ref idref="fl-3"/>
      </object_component>
      <object_component id="oc-34">
         <name>.debug_info</name>
         <load_address>0x103e</load_address>
         <run_address>0x103e</run_address>
         <size>0x13d</size>
         <input_file_ref idref="fl-13d"/>
      </object_component>
      <object_component id="oc-38">
         <name>.debug_info</name>
         <load_address>0x117b</load_address>
         <run_address>0x117b</run_address>
         <size>0x11c</size>
         <input_file_ref idref="fl-13b"/>
      </object_component>
      <object_component id="oc-3f">
         <name>.debug_info</name>
         <load_address>0x1297</load_address>
         <run_address>0x1297</run_address>
         <size>0x1c2</size>
         <input_file_ref idref="fl-135"/>
      </object_component>
      <object_component id="oc-42">
         <name>.debug_info</name>
         <load_address>0x1459</load_address>
         <run_address>0x1459</run_address>
         <size>0xbe</size>
         <input_file_ref idref="fl-138"/>
      </object_component>
      <object_component id="oc-46">
         <name>.debug_info</name>
         <load_address>0x1517</load_address>
         <run_address>0x1517</run_address>
         <size>0xcc</size>
         <input_file_ref idref="fl-136"/>
      </object_component>
      <object_component id="oc-49">
         <name>.debug_info</name>
         <load_address>0x15e3</load_address>
         <run_address>0x15e3</run_address>
         <size>0x46</size>
         <input_file_ref idref="fl-132"/>
      </object_component>
      <object_component id="oc-4e">
         <name>.debug_info</name>
         <load_address>0x1629</load_address>
         <run_address>0x1629</run_address>
         <size>0xf2</size>
         <input_file_ref idref="fl-132"/>
      </object_component>
      <object_component id="oc-50">
         <name>.debug_info</name>
         <load_address>0x171b</load_address>
         <run_address>0x171b</run_address>
         <size>0x46</size>
         <input_file_ref idref="fl-134"/>
      </object_component>
      <object_component id="oc-55">
         <name>.debug_info</name>
         <load_address>0x1761</load_address>
         <run_address>0x1761</run_address>
         <size>0xad</size>
         <input_file_ref idref="fl-134"/>
      </object_component>
      <object_component id="oc-59">
         <name>.debug_info</name>
         <load_address>0x180e</load_address>
         <run_address>0x180e</run_address>
         <size>0x1ef</size>
         <input_file_ref idref="fl-133"/>
      </object_component>
      <object_component id="oc-5c">
         <name>.debug_info</name>
         <load_address>0x19fd</load_address>
         <run_address>0x19fd</run_address>
         <size>0xb7</size>
         <input_file_ref idref="fl-133"/>
      </object_component>
      <object_component id="oc-5d">
         <name>.debug_info</name>
         <load_address>0x1ab4</load_address>
         <run_address>0x1ab4</run_address>
         <size>0x39</size>
         <input_file_ref idref="fl-133"/>
      </object_component>
      <object_component id="oc-64">
         <name>.debug_info</name>
         <load_address>0x1aed</load_address>
         <run_address>0x1aed</run_address>
         <size>0x1d7</size>
         <input_file_ref idref="fl-15e"/>
      </object_component>
      <object_component id="oc-67">
         <name>.debug_info</name>
         <load_address>0x1cc4</load_address>
         <run_address>0x1cc4</run_address>
         <size>0x1dc</size>
         <input_file_ref idref="fl-161"/>
      </object_component>
      <object_component id="oc-6b">
         <name>.debug_info</name>
         <load_address>0x1ea0</load_address>
         <run_address>0x1ea0</run_address>
         <size>0x1e2</size>
         <input_file_ref idref="fl-161"/>
      </object_component>
      <object_component id="oc-6f">
         <name>.debug_info</name>
         <load_address>0x2082</load_address>
         <run_address>0x2082</run_address>
         <size>0x1c0</size>
         <input_file_ref idref="fl-161"/>
      </object_component>
      <object_component id="oc-73">
         <name>.debug_info</name>
         <load_address>0x2242</load_address>
         <run_address>0x2242</run_address>
         <size>0x1ea</size>
         <input_file_ref idref="fl-161"/>
      </object_component>
      <object_component id="oc-78">
         <name>.debug_info</name>
         <load_address>0x242c</load_address>
         <run_address>0x242c</run_address>
         <size>0x1f8</size>
         <input_file_ref idref="fl-164"/>
      </object_component>
      <object_component id="oc-7d">
         <name>.debug_info</name>
         <load_address>0x2624</load_address>
         <run_address>0x2624</run_address>
         <size>0x202</size>
         <input_file_ref idref="fl-162"/>
      </object_component>
      <object_component id="oc-80">
         <name>.debug_info</name>
         <load_address>0x2826</load_address>
         <run_address>0x2826</run_address>
         <size>0x1b0</size>
         <input_file_ref idref="fl-161"/>
      </object_component>
      <object_component id="oc-86">
         <name>.debug_info</name>
         <load_address>0x29d6</load_address>
         <run_address>0x29d6</run_address>
         <size>0x2cf</size>
         <input_file_ref idref="fl-162"/>
      </object_component>
      <object_component id="oc-8a">
         <name>.debug_info</name>
         <load_address>0x2ca5</load_address>
         <run_address>0x2ca5</run_address>
         <size>0x1da</size>
         <input_file_ref idref="fl-162"/>
      </object_component>
      <object_component id="oc-8d">
         <name>.debug_info</name>
         <load_address>0x2e7f</load_address>
         <run_address>0x2e7f</run_address>
         <size>0x1d9</size>
         <input_file_ref idref="fl-164"/>
      </object_component>
      <object_component id="oc-90">
         <name>.debug_info</name>
         <load_address>0x3058</load_address>
         <run_address>0x3058</run_address>
         <size>0x1da</size>
         <input_file_ref idref="fl-164"/>
      </object_component>
      <object_component id="oc-95">
         <name>.debug_info</name>
         <load_address>0x3232</load_address>
         <run_address>0x3232</run_address>
         <size>0x1e6</size>
         <input_file_ref idref="fl-164"/>
      </object_component>
      <object_component id="oc-9a">
         <name>.debug_info</name>
         <load_address>0x3418</load_address>
         <run_address>0x3418</run_address>
         <size>0x1bc</size>
         <input_file_ref idref="fl-162"/>
      </object_component>
      <object_component id="oc-9c">
         <name>.debug_info</name>
         <load_address>0x35d4</load_address>
         <run_address>0x35d4</run_address>
         <size>0x1f7</size>
         <input_file_ref idref="fl-166"/>
      </object_component>
      <object_component id="oc-a0">
         <name>.debug_info</name>
         <load_address>0x37cb</load_address>
         <run_address>0x37cb</run_address>
         <size>0x26b</size>
         <input_file_ref idref="fl-166"/>
      </object_component>
      <object_component id="oc-a4">
         <name>.debug_info</name>
         <load_address>0x3a36</load_address>
         <run_address>0x3a36</run_address>
         <size>0x29e</size>
         <input_file_ref idref="fl-166"/>
      </object_component>
      <object_component id="oc-a8">
         <name>.debug_info</name>
         <load_address>0x3cd4</load_address>
         <run_address>0x3cd4</run_address>
         <size>0x1f5</size>
         <input_file_ref idref="fl-166"/>
      </object_component>
      <object_component id="oc-ac">
         <name>.debug_info</name>
         <load_address>0x3ec9</load_address>
         <run_address>0x3ec9</run_address>
         <size>0x26b</size>
         <input_file_ref idref="fl-161"/>
      </object_component>
      <object_component id="oc-b0">
         <name>.debug_info</name>
         <load_address>0x4134</load_address>
         <run_address>0x4134</run_address>
         <size>0x1a3</size>
         <input_file_ref idref="fl-163"/>
      </object_component>
      <object_component id="oc-b4">
         <name>.debug_info</name>
         <load_address>0x42d7</load_address>
         <run_address>0x42d7</run_address>
         <size>0x1c5</size>
         <input_file_ref idref="fl-163"/>
      </object_component>
      <object_component id="oc-b8">
         <name>.debug_info</name>
         <load_address>0x449c</load_address>
         <run_address>0x449c</run_address>
         <size>0x1e4</size>
         <input_file_ref idref="fl-161"/>
      </object_component>
      <object_component id="oc-bc">
         <name>.debug_info</name>
         <load_address>0x4680</load_address>
         <run_address>0x4680</run_address>
         <size>0x253</size>
         <input_file_ref idref="fl-161"/>
      </object_component>
      <object_component id="oc-c0">
         <name>.debug_info</name>
         <load_address>0x48d3</load_address>
         <run_address>0x48d3</run_address>
         <size>0x1e9</size>
         <input_file_ref idref="fl-166"/>
      </object_component>
      <object_component id="oc-c4">
         <name>.debug_info</name>
         <load_address>0x4abc</load_address>
         <run_address>0x4abc</run_address>
         <size>0x1f9</size>
         <input_file_ref idref="fl-166"/>
      </object_component>
      <object_component id="oc-c8">
         <name>.debug_info</name>
         <load_address>0x4cb5</load_address>
         <run_address>0x4cb5</run_address>
         <size>0x230</size>
         <input_file_ref idref="fl-166"/>
      </object_component>
      <object_component id="oc-cf">
         <name>.debug_info</name>
         <load_address>0x4ee5</load_address>
         <run_address>0x4ee5</run_address>
         <size>0x26d</size>
         <input_file_ref idref="fl-137"/>
      </object_component>
      <object_component id="oc-d1">
         <name>.debug_info</name>
         <load_address>0x5152</load_address>
         <run_address>0x5152</run_address>
         <size>0x2dc</size>
         <input_file_ref idref="fl-166"/>
      </object_component>
      <object_component id="oc-d5">
         <name>.debug_info</name>
         <load_address>0x542e</load_address>
         <run_address>0x542e</run_address>
         <size>0x75e</size>
         <input_file_ref idref="fl-2"/>
      </object_component>
      <object_component id="oc-dd">
         <name>.debug_info</name>
         <load_address>0x5b8c</load_address>
         <run_address>0x5b8c</run_address>
         <size>0x18b</size>
         <input_file_ref idref="fl-2"/>
      </object_component>
      <object_component id="oc-e2">
         <name>.debug_info</name>
         <load_address>0x5d17</load_address>
         <run_address>0x5d17</run_address>
         <size>0x84</size>
         <input_file_ref idref="fl-2"/>
      </object_component>
      <object_component id="oc-ed">
         <name>.debug_info</name>
         <load_address>0x5d9b</load_address>
         <run_address>0x5d9b</run_address>
         <size>0x14b</size>
         <input_file_ref idref="fl-13e"/>
      </object_component>
      <object_component id="oc-f0">
         <name>.debug_info</name>
         <load_address>0x5ee6</load_address>
         <run_address>0x5ee6</run_address>
         <size>0x11b</size>
         <input_file_ref idref="fl-13b"/>
      </object_component>
      <object_component id="oc-f2">
         <name>.debug_info</name>
         <load_address>0x6001</load_address>
         <run_address>0x6001</run_address>
         <size>0xc8</size>
         <input_file_ref idref="fl-139"/>
      </object_component>
      <object_component id="oc-f4">
         <name>.debug_info</name>
         <load_address>0x60c9</load_address>
         <run_address>0x60c9</run_address>
         <size>0xeb</size>
         <input_file_ref idref="fl-135"/>
      </object_component>
      <object_component id="oc-f6">
         <name>.debug_info</name>
         <load_address>0x61b4</load_address>
         <run_address>0x61b4</run_address>
         <size>0x146</size>
         <input_file_ref idref="fl-135"/>
      </object_component>
      <object_component id="oc-fa">
         <name>.debug_info</name>
         <load_address>0x62fa</load_address>
         <run_address>0x62fa</run_address>
         <size>0x2c</size>
         <input_file_ref idref="fl-132"/>
      </object_component>
      <object_component id="oc-101">
         <name>.debug_info</name>
         <load_address>0x6326</load_address>
         <run_address>0x6326</run_address>
         <size>0x2c</size>
         <input_file_ref idref="fl-134"/>
      </object_component>
      <object_component id="oc-10d">
         <name>.debug_info</name>
         <load_address>0x6352</load_address>
         <run_address>0x6352</run_address>
         <size>0x2c</size>
         <input_file_ref idref="fl-15d"/>
      </object_component>
      <object_component id="oc-112">
         <name>.debug_info</name>
         <load_address>0x637e</load_address>
         <run_address>0x637e</run_address>
         <size>0x62</size>
         <input_file_ref idref="fl-15e"/>
      </object_component>
      <object_component id="oc-118">
         <name>.debug_info</name>
         <load_address>0x63e0</load_address>
         <run_address>0x63e0</run_address>
         <size>0x84</size>
         <input_file_ref idref="fl-161"/>
      </object_component>
      <object_component id="oc-11c">
         <name>.debug_info</name>
         <load_address>0x6464</load_address>
         <run_address>0x6464</run_address>
         <size>0x2c</size>
         <input_file_ref idref="fl-161"/>
      </object_component>
      <object_component id="oc-120">
         <name>.debug_info</name>
         <load_address>0x6490</load_address>
         <run_address>0x6490</run_address>
         <size>0x342</size>
         <input_file_ref idref="fl-161"/>
      </object_component>
      <object_component id="oc-125">
         <name>.debug_info</name>
         <load_address>0x67d2</load_address>
         <run_address>0x67d2</run_address>
         <size>0x336</size>
         <input_file_ref idref="fl-164"/>
      </object_component>
      <object_component id="oc-127">
         <name>.debug_info</name>
         <load_address>0x6b08</load_address>
         <run_address>0x6b08</run_address>
         <size>0x108</size>
         <input_file_ref idref="fl-162"/>
      </object_component>
      <object_component id="oc-12b">
         <name>.debug_info</name>
         <load_address>0x6c10</load_address>
         <run_address>0x6c10</run_address>
         <size>0x391</size>
         <input_file_ref idref="fl-162"/>
      </object_component>
      <object_component id="oc-12d">
         <name>.debug_info</name>
         <load_address>0x6fa1</load_address>
         <run_address>0x6fa1</run_address>
         <size>0x1b2</size>
         <input_file_ref idref="fl-162"/>
      </object_component>
      <object_component id="oc-130">
         <name>.debug_info</name>
         <load_address>0x7153</load_address>
         <run_address>0x7153</run_address>
         <size>0x116</size>
         <input_file_ref idref="fl-164"/>
      </object_component>
      <object_component id="oc-134">
         <name>.debug_info</name>
         <load_address>0x7269</load_address>
         <run_address>0x7269</run_address>
         <size>0x204</size>
         <input_file_ref idref="fl-164"/>
      </object_component>
      <object_component id="oc-138">
         <name>.debug_info</name>
         <load_address>0x746d</load_address>
         <run_address>0x746d</run_address>
         <size>0x24a</size>
         <input_file_ref idref="fl-164"/>
      </object_component>
      <object_component id="oc-13e">
         <name>.debug_info</name>
         <load_address>0x76b7</load_address>
         <run_address>0x76b7</run_address>
         <size>0x32b</size>
         <input_file_ref idref="fl-166"/>
      </object_component>
      <object_component id="oc-143">
         <name>.debug_info</name>
         <load_address>0x79e2</load_address>
         <run_address>0x79e2</run_address>
         <size>0x228</size>
         <input_file_ref idref="fl-161"/>
      </object_component>
      <object_component id="oc-147">
         <name>.debug_info</name>
         <load_address>0x7c0a</load_address>
         <run_address>0x7c0a</run_address>
         <size>0x1a4</size>
         <input_file_ref idref="fl-161"/>
      </object_component>
      <object_component id="oc-14c">
         <name>.debug_info</name>
         <load_address>0x7dae</load_address>
         <run_address>0x7dae</run_address>
         <size>0x177</size>
         <input_file_ref idref="fl-165"/>
      </object_component>
      <object_component id="oc-151">
         <name>.debug_info</name>
         <load_address>0x7f25</load_address>
         <run_address>0x7f25</run_address>
         <size>0x1b7</size>
         <input_file_ref idref="fl-163"/>
      </object_component>
      <object_component id="oc-153">
         <name>.debug_info</name>
         <load_address>0x80dc</load_address>
         <run_address>0x80dc</run_address>
         <size>0x342</size>
         <input_file_ref idref="fl-163"/>
      </object_component>
      <object_component id="oc-15a">
         <name>.debug_info</name>
         <load_address>0x841e</load_address>
         <run_address>0x841e</run_address>
         <size>0x286</size>
         <input_file_ref idref="fl-146"/>
      </object_component>
      <object_component id="oc-15f">
         <name>.debug_info</name>
         <load_address>0x86a4</load_address>
         <run_address>0x86a4</run_address>
         <size>0x31f</size>
         <input_file_ref idref="fl-147"/>
      </object_component>
      <object_component id="oc-164">
         <name>.debug_info</name>
         <load_address>0x89c3</load_address>
         <run_address>0x89c3</run_address>
         <size>0x12a0</size>
         <input_file_ref idref="fl-13a"/>
      </object_component>
      <object_component id="oc-169">
         <name>.debug_info</name>
         <load_address>0x9c63</load_address>
         <run_address>0x9c63</run_address>
         <size>0xac</size>
         <input_file_ref idref="fl-140"/>
      </object_component>
      <object_component id="oc-16b">
         <name>.debug_info</name>
         <load_address>0x9d0f</load_address>
         <run_address>0x9d0f</run_address>
         <size>0x1eb</size>
         <input_file_ref idref="fl-137"/>
      </object_component>
      <object_component id="oc-16c">
         <name>.debug_info</name>
         <load_address>0x9efa</load_address>
         <run_address>0x9efa</run_address>
         <size>0x4e</size>
         <input_file_ref idref="fl-2"/>
      </object_component>
      <object_component id="oc-174">
         <name>.debug_info</name>
         <load_address>0x9f48</load_address>
         <run_address>0x9f48</run_address>
         <size>0x2c</size>
         <input_file_ref idref="fl-2"/>
      </object_component>
      <object_component id="oc-17a">
         <name>.debug_info</name>
         <load_address>0x9f74</load_address>
         <run_address>0x9f74</run_address>
         <size>0x148</size>
         <input_file_ref idref="fl-13e"/>
      </object_component>
      <object_component id="oc-17d">
         <name>.debug_info</name>
         <load_address>0xa0bc</load_address>
         <run_address>0xa0bc</run_address>
         <size>0x5e</size>
         <input_file_ref idref="fl-13b"/>
      </object_component>
      <object_component id="oc-186">
         <name>.debug_info</name>
         <load_address>0xa11a</load_address>
         <run_address>0xa11a</run_address>
         <size>0x1d4</size>
         <input_file_ref idref="fl-139"/>
      </object_component>
      <object_component id="oc-189">
         <name>.debug_info</name>
         <load_address>0xa2ee</load_address>
         <run_address>0xa2ee</run_address>
         <size>0xd9</size>
         <input_file_ref idref="fl-139"/>
      </object_component>
      <object_component id="oc-1a6">
         <name>.debug_info</name>
         <load_address>0xa3c7</load_address>
         <run_address>0xa3c7</run_address>
         <size>0x1e5</size>
         <input_file_ref idref="fl-158"/>
      </object_component>
      <object_component id="oc-1ab">
         <name>.debug_info</name>
         <load_address>0xa5ac</load_address>
         <run_address>0xa5ac</run_address>
         <size>0x20f</size>
         <input_file_ref idref="fl-159"/>
      </object_component>
      <object_component id="oc-1b0">
         <name>.debug_info</name>
         <load_address>0xa7bb</load_address>
         <run_address>0xa7bb</run_address>
         <size>0xb71</size>
         <input_file_ref idref="fl-14a"/>
      </object_component>
      <object_component id="oc-1b5">
         <name>.debug_info</name>
         <load_address>0xb32c</load_address>
         <run_address>0xb32c</run_address>
         <size>0x193</size>
         <input_file_ref idref="fl-146"/>
      </object_component>
      <object_component id="oc-1b7">
         <name>.debug_info</name>
         <load_address>0xb4bf</load_address>
         <run_address>0xb4bf</run_address>
         <size>0x153</size>
         <input_file_ref idref="fl-151"/>
      </object_component>
      <object_component id="oc-1bd">
         <name>.debug_info</name>
         <load_address>0xb612</load_address>
         <run_address>0xb612</run_address>
         <size>0x16b</size>
         <input_file_ref idref="fl-14d"/>
      </object_component>
      <object_component id="oc-1c1">
         <name>.debug_info</name>
         <load_address>0xb77d</load_address>
         <run_address>0xb77d</run_address>
         <size>0x224</size>
         <input_file_ref idref="fl-147"/>
      </object_component>
      <object_component id="oc-1c3">
         <name>.debug_info</name>
         <load_address>0xb9a1</load_address>
         <run_address>0xb9a1</run_address>
         <size>0x13a</size>
         <input_file_ref idref="fl-155"/>
      </object_component>
      <object_component id="oc-1c9">
         <name>.debug_info</name>
         <load_address>0xbadb</load_address>
         <run_address>0xbadb</run_address>
         <size>0xd5</size>
         <input_file_ref idref="fl-149"/>
      </object_component>
      <object_component id="oc-1cc">
         <name>.debug_info</name>
         <load_address>0xbbb0</load_address>
         <run_address>0xbbb0</run_address>
         <size>0xdb</size>
         <input_file_ref idref="fl-142"/>
      </object_component>
      <object_component id="oc-1d1">
         <name>.debug_info</name>
         <load_address>0xbc8b</load_address>
         <run_address>0xbc8b</run_address>
         <size>0xed</size>
         <input_file_ref idref="fl-144"/>
      </object_component>
      <object_component id="oc-1d5">
         <name>.debug_info</name>
         <load_address>0xbd78</load_address>
         <run_address>0xbd78</run_address>
         <size>0xed</size>
         <input_file_ref idref="fl-143"/>
      </object_component>
      <object_component id="oc-1d9">
         <name>.debug_info</name>
         <load_address>0xbe65</load_address>
         <run_address>0xbe65</run_address>
         <size>0xdd</size>
         <input_file_ref idref="fl-142"/>
      </object_component>
      <object_component id="oc-1dc">
         <name>.debug_info</name>
         <load_address>0xbf42</load_address>
         <run_address>0xbf42</run_address>
         <size>0xe1</size>
         <input_file_ref idref="fl-145"/>
      </object_component>
      <object_component id="oc-1e0">
         <name>.debug_info</name>
         <load_address>0xc023</load_address>
         <run_address>0xc023</run_address>
         <size>0x177</size>
         <input_file_ref idref="fl-14b"/>
      </object_component>
      <object_component id="oc-1e4">
         <name>.debug_info</name>
         <load_address>0xc19a</load_address>
         <run_address>0xc19a</run_address>
         <size>0xdf</size>
         <input_file_ref idref="fl-148"/>
      </object_component>
      <object_component id="oc-1e8">
         <name>.debug_info</name>
         <load_address>0xc279</load_address>
         <run_address>0xc279</run_address>
         <size>0xff</size>
         <input_file_ref idref="fl-141"/>
      </object_component>
      <object_component id="oc-1ed">
         <name>.debug_info</name>
         <load_address>0xc378</load_address>
         <run_address>0xc378</run_address>
         <size>0xfc</size>
         <input_file_ref idref="fl-14e"/>
      </object_component>
      <object_component id="oc-1f3">
         <name>.debug_info</name>
         <load_address>0xc474</load_address>
         <run_address>0xc474</run_address>
         <size>0x111</size>
         <input_file_ref idref="fl-156"/>
      </object_component>
      <object_component id="oc-1f6">
         <name>.debug_info</name>
         <load_address>0xc585</load_address>
         <run_address>0xc585</run_address>
         <size>0x160</size>
         <input_file_ref idref="fl-14c"/>
      </object_component>
      <object_component id="oc-1fb">
         <name>.debug_info</name>
         <load_address>0xc6e5</load_address>
         <run_address>0xc6e5</run_address>
         <size>0x126</size>
         <input_file_ref idref="fl-13c"/>
      </object_component>
      <object_component id="oc-1ff">
         <name>.debug_info</name>
         <load_address>0xc80b</load_address>
         <run_address>0xc80b</run_address>
         <size>0x26b</size>
         <input_file_ref idref="fl-13a"/>
      </object_component>
      <object_component id="oc-200">
         <name>.debug_info</name>
         <load_address>0xca76</load_address>
         <run_address>0xca76</run_address>
         <size>0x86</size>
         <input_file_ref idref="fl-13a"/>
      </object_component>
      <object_component id="oc-205">
         <name>.debug_info</name>
         <load_address>0xcafc</load_address>
         <run_address>0xcafc</run_address>
         <size>0x39</size>
         <input_file_ref idref="fl-13a"/>
      </object_component>
      <object_component id="oc-20c">
         <name>.debug_info</name>
         <load_address>0xcb35</load_address>
         <run_address>0xcb35</run_address>
         <size>0xc5</size>
         <input_file_ref idref="fl-140"/>
      </object_component>
      <object_component id="oc-20f">
         <name>.debug_info</name>
         <load_address>0xcbfa</load_address>
         <run_address>0xcbfa</run_address>
         <size>0xae</size>
         <input_file_ref idref="fl-137"/>
      </object_component>
      <object_component id="oc-216">
         <name>.debug_info</name>
         <load_address>0xcca8</load_address>
         <run_address>0xcca8</run_address>
         <size>0xcd</size>
         <input_file_ref idref="fl-13e"/>
      </object_component>
      <object_component id="oc-21f">
         <name>.debug_info</name>
         <load_address>0xcd75</load_address>
         <run_address>0xcd75</run_address>
         <size>0x196</size>
         <input_file_ref idref="fl-15a"/>
      </object_component>
      <object_component id="oc-224">
         <name>.debug_info</name>
         <load_address>0xcf0b</load_address>
         <run_address>0xcf0b</run_address>
         <size>0x1b5</size>
         <input_file_ref idref="fl-15b"/>
      </object_component>
      <object_component id="oc-229">
         <name>.debug_info</name>
         <load_address>0xd0c0</load_address>
         <run_address>0xd0c0</run_address>
         <size>0x106</size>
         <input_file_ref idref="fl-158"/>
      </object_component>
      <object_component id="oc-22b">
         <name>.debug_info</name>
         <load_address>0xd1c6</load_address>
         <run_address>0xd1c6</run_address>
         <size>0x139</size>
         <input_file_ref idref="fl-140"/>
      </object_component>
      <object_component id="oc-22d">
         <name>.debug_info</name>
         <load_address>0xd2ff</load_address>
         <run_address>0xd2ff</run_address>
         <size>0x157</size>
         <input_file_ref idref="fl-159"/>
      </object_component>
      <object_component id="oc-22f">
         <name>.debug_info</name>
         <load_address>0xd456</load_address>
         <run_address>0xd456</run_address>
         <size>0x17e</size>
         <input_file_ref idref="fl-150"/>
      </object_component>
      <object_component id="oc-234">
         <name>.debug_info</name>
         <load_address>0xd5d4</load_address>
         <run_address>0xd5d4</run_address>
         <size>0x16d</size>
         <input_file_ref idref="fl-14f"/>
      </object_component>
      <object_component id="oc-23a">
         <name>.debug_info</name>
         <load_address>0xd741</load_address>
         <run_address>0xd741</run_address>
         <size>0x182</size>
         <input_file_ref idref="fl-152"/>
      </object_component>
      <object_component id="oc-23e">
         <name>.debug_info</name>
         <load_address>0xd8c3</load_address>
         <run_address>0xd8c3</run_address>
         <size>0xcb</size>
         <input_file_ref idref="fl-14a"/>
      </object_component>
      <object_component id="oc-240">
         <name>.debug_info</name>
         <load_address>0xd98e</load_address>
         <run_address>0xd98e</run_address>
         <size>0x45a</size>
         <input_file_ref idref="fl-14a"/>
      </object_component>
      <object_component id="oc-241">
         <name>.debug_info</name>
         <load_address>0xdde8</load_address>
         <run_address>0xdde8</run_address>
         <size>0x2c</size>
         <input_file_ref idref="fl-14a"/>
      </object_component>
      <object_component id="oc-249">
         <name>.debug_info</name>
         <load_address>0xde14</load_address>
         <run_address>0xde14</run_address>
         <size>0x9f</size>
         <input_file_ref idref="fl-151"/>
      </object_component>
      <object_component id="oc-24b">
         <name>.debug_info</name>
         <load_address>0xdeb3</load_address>
         <run_address>0xdeb3</run_address>
         <size>0xb5</size>
         <input_file_ref idref="fl-14d"/>
      </object_component>
      <object_component id="oc-256">
         <name>.debug_info</name>
         <load_address>0xdf68</load_address>
         <run_address>0xdf68</run_address>
         <size>0x101</size>
         <input_file_ref idref="fl-14b"/>
      </object_component>
      <object_component id="oc-25e">
         <name>.debug_info</name>
         <load_address>0xe069</load_address>
         <run_address>0xe069</run_address>
         <size>0x10f</size>
         <input_file_ref idref="fl-157"/>
      </object_component>
      <object_component id="oc-261">
         <name>.debug_info</name>
         <load_address>0xe178</load_address>
         <run_address>0xe178</run_address>
         <size>0xa6</size>
         <input_file_ref idref="fl-14c"/>
      </object_component>
      <object_component id="oc-263">
         <name>.debug_info</name>
         <load_address>0xe21e</load_address>
         <run_address>0xe21e</run_address>
         <size>0xaf</size>
         <input_file_ref idref="fl-13f"/>
      </object_component>
      <object_component id="oc-265">
         <name>.debug_info</name>
         <load_address>0xe2cd</load_address>
         <run_address>0xe2cd</run_address>
         <size>0xc5</size>
         <input_file_ref idref="fl-13c"/>
      </object_component>
      <object_component id="oc-268">
         <name>.debug_info</name>
         <load_address>0xe392</load_address>
         <run_address>0xe392</run_address>
         <size>0x2c</size>
         <input_file_ref idref="fl-13a"/>
      </object_component>
      <object_component id="oc-26d">
         <name>.debug_info</name>
         <load_address>0xe3be</load_address>
         <run_address>0xe3be</run_address>
         <size>0x46</size>
         <input_file_ref idref="fl-13a"/>
      </object_component>
      <object_component id="oc-275">
         <name>.debug_info</name>
         <load_address>0xe404</load_address>
         <run_address>0xe404</run_address>
         <size>0x134</size>
         <input_file_ref idref="fl-15a"/>
      </object_component>
      <object_component id="oc-277">
         <name>.debug_info</name>
         <load_address>0xe538</load_address>
         <run_address>0xe538</run_address>
         <size>0x855</size>
         <input_file_ref idref="fl-15e"/>
      </object_component>
      <object_component id="oc-27c">
         <name>.debug_info</name>
         <load_address>0xed8d</load_address>
         <run_address>0xed8d</run_address>
         <size>0x40a</size>
         <input_file_ref idref="fl-15d"/>
      </object_component>
      <object_component id="oc-281">
         <name>.debug_info</name>
         <load_address>0xf197</load_address>
         <run_address>0xf197</run_address>
         <size>0x175</size>
         <input_file_ref idref="fl-15b"/>
      </object_component>
      <object_component id="oc-282">
         <name>.debug_info</name>
         <load_address>0xf30c</load_address>
         <run_address>0xf30c</run_address>
         <size>0xbb</size>
         <input_file_ref idref="fl-158"/>
      </object_component>
      <object_component id="oc-28e">
         <name>.debug_info</name>
         <load_address>0xf3c7</load_address>
         <run_address>0xf3c7</run_address>
         <size>0x9a</size>
         <input_file_ref idref="fl-150"/>
      </object_component>
      <object_component id="oc-290">
         <name>.debug_info</name>
         <load_address>0xf461</load_address>
         <run_address>0xf461</run_address>
         <size>0xaa</size>
         <input_file_ref idref="fl-14f"/>
      </object_component>
      <object_component id="oc-292">
         <name>.debug_info</name>
         <load_address>0xf50b</load_address>
         <run_address>0xf50b</run_address>
         <size>0xab</size>
         <input_file_ref idref="fl-152"/>
      </object_component>
      <object_component id="oc-296">
         <name>.debug_info</name>
         <load_address>0xf5b6</load_address>
         <run_address>0xf5b6</run_address>
         <size>0x9e2</size>
         <input_file_ref idref="fl-153"/>
      </object_component>
      <object_component id="oc-29c">
         <name>.debug_info</name>
         <load_address>0xff98</load_address>
         <run_address>0xff98</run_address>
         <size>0x120</size>
         <input_file_ref idref="fl-14a"/>
      </object_component>
      <object_component id="oc-2a8">
         <name>.debug_info</name>
         <load_address>0x100b8</load_address>
         <run_address>0x100b8</run_address>
         <size>0x9a</size>
         <input_file_ref idref="fl-157"/>
      </object_component>
      <object_component id="oc-2ad">
         <name>.debug_info</name>
         <load_address>0x10152</load_address>
[...]
      </symbol>
      <symbol id="sm-14e">
         <name>_register_lock</name>
         <value>0x36f3</value>
         <object_component_ref idref="oc-182"/>
      </symbol>
      <symbol id="sm-14f">
         <name>_register_unlock</name>
         <value>0x36ed</value>
         <object_component_ref idref="oc-182"/>
      </symbol>
      <symbol id="sm-23c">
         <name>__TI_printfi</name>
         <value>0xdef</value>
         <object_component_ref idref="oc-163"/>
      </symbol>
      <symbol id="sm-24f">
         <name>_args_main</name>
         <value>0x364d</value>
         <object_component_ref idref="oc-37"/>
      </symbol>
      <symbol id="sm-264">
         <name>atoi</name>
         <value>0x32bd</value>
         <object_component_ref idref="oc-1f9"/>
      </symbol>
      <symbol id="sm-280">
         <name>__TI_auto_init</name>
         <value>0x2da1</value>
         <object_component_ref idref="oc-33"/>
      </symbol>
      <symbol id="sm-298">
         <name>copy_in</name>
         <value>0x33e1</value>
         <object_component_ref idref="oc-e9"/>
      </symbol>
      <symbol id="sm-2a2">
         <name>_ctypes_</name>
         <value>0x3824</value>
         <object_component_ref idref="oc-262"/>
      </symbol>
      <symbol id="sm-2b8">
         <name>__aeabi_stdout</name>
         <value>0x200011c8</value>
         <object_component_ref idref="oc-22a"/>
      </symbol>
      <symbol id="sm-2b9">
         <name>__TI_tmpnams</name>
         <value>0x20001314</value>
         <object_component_ref idref="oc-2dd"/>
      </symbol>
      <symbol id="sm-2ba">
         <name>__aeabi_stderr</name>
         <value>0x200011cc</value>
         <object_component_ref idref="oc-22a"/>
      </symbol>
      <symbol id="sm-2bb">
         <name>__aeabi_stdin</name>
         <value>0x200011c4</value>
         <object_component_ref idref="oc-22a"/>
      </symbol>
      <symbol id="sm-2bc">
         <name>_ftable</name>
         <value>0x20001000</value>
         <object_component_ref idref="oc-168"/>
      </symbol>
      <symbol id="sm-2bd">
         <name>__TI_ft_end</name>
         <value>0x200011c0</value>
         <object_component_ref idref="oc-22a"/>
      </symbol>
      <symbol id="sm-2d3">
         <name>__aeabi_dsub</name>
         <value>0x2265</value>
         <object_component_ref idref="oc-1e7"/>
      </symbol>
      <symbol id="sm-2d4">
         <name>__aeabi_dadd</name>
         <value>0x226f</value>
         <object_component_ref idref="oc-1e7"/>
      </symbol>
      <symbol id="sm-2f4">
         <name>__aeabi_cdcmpeq</name>
         <value>0x2e35</value>
         <object_component_ref idref="oc-1ca"/>
      </symbol>
      <symbol id="sm-2f5">
         <name>__aeabi_cdcmple</name>
         <value>0x2e35</value>
         <object_component_ref idref="oc-1ca"/>
      </symbol>
      <symbol id="sm-2f6">
         <name>__aeabi_cdrcmple</name>
         <value>0x2eb3</value>
         <object_component_ref idref="oc-1d6"/>
      </symbol>
      <symbol id="sm-309">
         <name>__aeabi_ddiv</name>
         <value>0x2559</value>
         <object_component_ref idref="oc-1d2"/>
      </symbol>
      <symbol id="sm-313">
         <name>__aeabi_dmul</name>
         <value>0x27c5</value>
         <object_component_ref idref="oc-1ce"/>
      </symbol>
      <symbol id="sm-31c">
         <name>__aeabi_d2iz</name>
         <value>0x3399</value>
         <object_component_ref idref="oc-1da"/>
      </symbol>
      <symbol id="sm-333">
         <name>putc</name>
         <value>0x2c55</value>
         <object_component_ref idref="oc-159"/>
      </symbol>
      <symbol id="sm-334">
         <name>fputc</name>
         <value>0x2bd1</value>
         <object_component_ref idref="oc-159"/>
      </symbol>
      <symbol id="sm-335">
         <name>putchar</name>
         <value>0x2c59</value>
         <object_component_ref idref="oc-159"/>
      </symbol>
      <symbol id="sm-356">
         <name>puts</name>
         <value>0x279d</value>
         <object_component_ref idref="oc-15e"/>
      </symbol>
      <symbol id="sm-357">
         <name>fputs</name>
         <value>0x2691</value>
         <object_component_ref idref="oc-15e"/>
      </symbol>
      <symbol id="sm-360">
         <name>__aeabi_i2d</name>
         <value>0x357b</value>
         <object_component_ref idref="oc-1e3"/>
      </symbol>
      <symbol id="sm-368">
         <name>__aeabi_lmul</name>
         <value>0x3665</value>
         <object_component_ref idref="oc-1c6"/>
      </symbol>
      <symbol id="sm-3b3">
         <name>open</name>
         <value>0x1603</value>
         <object_component_ref idref="oc-1af"/>
      </symbol>
      <symbol id="sm-3b4">
         <name>add_device</name>
         <value>0x1727</value>
         <object_component_ref idref="oc-1af"/>
      </symbol>
      <symbol id="sm-3b5">
         <name>remove_device</name>
         <value>0x15b7</value>
         <object_component_ref idref="oc-1af"/>
      </symbol>
      <symbol id="sm-3b6">
         <name>lseek</name>
         <value>0x16b1</value>
         <object_component_ref idref="oc-1af"/>
      </symbol>
      <symbol id="sm-3b7">
         <name>read</name>
         <value>0x15df</value>
         <object_component_ref idref="oc-1af"/>
      </symbol>
      <symbol id="sm-3b8">
         <name>rename</name>
         <value>0x1579</value>
         <object_component_ref idref="oc-1af"/>
      </symbol>
      <symbol id="sm-3b9">
         <name>write</name>
         <value>0x14c5</value>
         <object_component_ref idref="oc-1af"/>
      </symbol>
      <symbol id="sm-3ba">
         <name>close</name>
         <value>0x16d5</value>
         <object_component_ref idref="oc-1af"/>
      </symbol>
      <symbol id="sm-3bb">
         <name>unlink</name>
         <value>0x1555</value>
         <object_component_ref idref="oc-1af"/>
      </symbol>
      <symbol id="sm-3c9">
         <name>ltoa</name>
         <value>0x320b</value>
         <object_component_ref idref="oc-1de"/>
      </symbol>
      <symbol id="sm-3d8">
         <name>memccpy</name>
         <value>0x3631</value>
         <object_component_ref idref="oc-1f4"/>
      </symbol>
      <symbol id="sm-3e7">
         <name>memchr</name>
         <value>0x36ab</value>
         <object_component_ref idref="oc-1bb"/>
      </symbol>
      <symbol id="sm-3f5">
         <name>__aeabi_memset</name>
         <value>0x2f33</value>
         <object_component_ref idref="oc-1eb"/>
      </symbol>
      <symbol id="sm-3f6">
         <name>memset</name>
         <value>0x2f39</value>
         <object_component_ref idref="oc-1eb"/>
      </symbol>
      <symbol id="sm-3f7">
         <name>__aeabi_memset8</name>
         <value>0x2f33</value>
         <object_component_ref idref="oc-1eb"/>
      </symbol>
      <symbol id="sm-3f8">
         <name>__aeabi_memset4</name>
         <value>0x2f33</value>
         <object_component_ref idref="oc-1eb"/>
      </symbol>
      <symbol id="sm-3f9">
         <name>__aeabi_memclr8</name>
         <value>0x2f31</value>
         <object_component_ref idref="oc-1eb"/>
      </symbol>
      <symbol id="sm-3fa">
         <name>__aeabi_memclr4</name>
         <value>0x2f31</value>
         <object_component_ref idref="oc-1eb"/>
      </symbol>
      <symbol id="sm-3fb">
         <name>__aeabi_memclr</name>
         <value>0x2f31</value>
         <object_component_ref idref="oc-1eb"/>
      </symbol>
      <symbol id="sm-40a">
         <name>strchr</name>
         <value>0x36c1</value>
         <object_component_ref idref="oc-233"/>
      </symbol>
      <symbol id="sm-418">
         <name>strcmp</name>
         <value>0x367d</value>
         <object_component_ref idref="oc-22e"/>
      </symbol>
      <symbol id="sm-425">
         <name>strlen</name>
         <value>0x3701</value>
         <object_component_ref idref="oc-1b6"/>
      </symbol>
      <symbol id="sm-434">
         <name>strncpy</name>
         <value>0x34ef</value>
         <object_component_ref idref="oc-238"/>
      </symbol>
      <symbol id="sm-453">
         <name>HOSTgetenv</name>
         <value>0x19eb</value>
         <object_component_ref idref="oc-293"/>
      </symbol>
      <symbol id="sm-454">
         <name>HOSTrename</name>
         <value>0x1893</value>
         <object_component_ref idref="oc-293"/>
      </symbol>
      <symbol id="sm-455">
         <name>HOSTclose</name>
         <value>0x1a29</value>
         <object_component_ref idref="oc-293"/>
      </symbol>
      <symbol id="sm-456">
         <name>HOSTunlink</name>
         <value>0x1821</value>
         <object_component_ref idref="oc-293"/>
      </symbol>
      <symbol id="sm-457">
         <name>HOSTlseek</name>
         <value>0x198f</value>
         <object_component_ref idref="oc-293"/>
      </symbol>
      <symbol id="sm-458">
         <name>HOSTopen</name>
         <value>0x193d</value>
         <object_component_ref idref="oc-293"/>
      </symbol>
      <symbol id="sm-459">
         <name>HOSTclock</name>
         <value>0x1a61</value>
         <object_component_ref idref="oc-293"/>
      </symbol>
      <symbol id="sm-45a">
         <name>HOSTwrite</name>
         <value>0x17d5</value>
         <object_component_ref idref="oc-293"/>
      </symbol>
      <symbol id="sm-45b">
         <name>HOSTread</name>
         <value>0x18f1</value>
         <object_component_ref idref="oc-293"/>
      </symbol>
      <symbol id="sm-45c">
         <name>HOSTtime</name>
         <value>0x1859</value>
         <object_component_ref idref="oc-293"/>
      </symbol>
      <symbol id="sm-475">
         <name>__TI_readmsg</name>
         <value>0x317b</value>
         <object_component_ref idref="oc-2c5"/>
      </symbol>
      <symbol id="sm-476">
         <name>C$$IO$$</name>
         <value>0x3177</value>
         <object_component_ref idref="oc-2c5"/>
      </symbol>
      <symbol id="sm-477">
         <name>__CIOBUF_</name>
         <value>0x200011f4</value>
         <object_component_ref idref="oc-2e3"/>
      </symbol>
      <symbol id="sm-478">
         <name>__TI_writemsg</name>
         <value>0x314d</value>
         <object_component_ref idref="oc-2c5"/>
      </symbol>
      <symbol id="sm-493">
         <name>__aeabi_uldivmod</name>
         <value>0x1cd9</value>
         <object_component_ref idref="oc-1c2"/>
      </symbol>
      <symbol id="sm-49c">
         <name>_Dclass</name>
         <value>0x374b</value>
         <object_component_ref idref="oc-1ef"/>
      </symbol>
      <symbol id="sm-4ad">
         <name>_Dtest</name>
         <value>0x3469</value>
         <object_component_ref idref="oc-25a"/>
      </symbol>
      <symbol id="sm-4ca">
         <name>__TI_wrt_ok</name>
         <value>0x2b25</value>
         <object_component_ref idref="oc-1a5"/>
      </symbol>
      <symbol id="sm-4cb">
         <name>__TI_rd_ok</name>
         <value>0x2b87</value>
         <object_component_ref idref="oc-1a5"/>
      </symbol>
      <symbol id="sm-4e4">
         <name>__TI_doflush</name>
         <value>0x2a65</value>
         <object_component_ref idref="oc-1aa"/>
      </symbol>
      <symbol id="sm-4e5">
         <name>fflush</name>
         <value>0x2ab1</value>
         <object_component_ref idref="oc-1aa"/>
      </symbol>
      <symbol id="sm-4f6">
         <name>fseek</name>
         <value>0x30e9</value>
         <object_component_ref idref="oc-21e"/>
      </symbol>
      <symbol id="sm-511">
         <name>setvbuf</name>
         <value>0x28c1</value>
         <object_component_ref idref="oc-223"/>
      </symbol>
      <symbol id="sm-51e">
         <name>strcpy</name>
         <value>0x377d</value>
         <object_component_ref idref="oc-2ca"/>
      </symbol>
      <symbol id="sm-555">
         <name>__TI_cleanup</name>
         <value>0x216d</value>
         <object_component_ref idref="oc-27b"/>
      </symbol>
      <symbol id="sm-556">
         <name>freopen</name>
         <value>0x2199</value>
         <object_component_ref idref="oc-27b"/>
      </symbol>
      <symbol id="sm-557">
         <name>fopen</name>
         <value>0x21c3</value>
         <object_component_ref idref="oc-27b"/>
      </symbol>
      <symbol id="sm-5c3">
         <name>_sys_memory</name>
         <value>0x20000800</value>
         <object_component_ref idref="oc-24"/>
      </symbol>
      <symbol id="sm-5c4">
         <name>free</name>
         <value>0x11e7</value>
         <object_component_ref idref="oc-276"/>
      </symbol>
      <symbol id="sm-5c5">
         <name>realloc</name>
         <value>0x12a7</value>
         <object_component_ref idref="oc-276"/>
      </symbol>
      <symbol id="sm-5c6">
         <name>memalign</name>
         <value>0x13ad</value>
         <object_component_ref idref="oc-276"/>
      </symbol>
      <symbol id="sm-5c7">
         <name>calloc</name>
         <value>0x148d</value>
         <object_component_ref idref="oc-276"/>
      </symbol>
      <symbol id="sm-5c8">
         <name>malloc</name>
         <value>0x1185</value>
         <object_component_ref idref="oc-276"/>
      </symbol>
      <symbol id="sm-5c9">
         <name>minit</name>
         <value>0x10f9</value>
         <object_component_ref idref="oc-276"/>
      </symbol>
      <symbol id="sm-5de">
         <name>__TI_closefile</name>
         <value>0x2d09</value>
         <object_component_ref idref="oc-2b5"/>
      </symbol>
      <symbol id="sm-5df">
         <name>fclose</name>
         <value>0x2d6f</value>
         <object_component_ref idref="oc-2b5"/>
      </symbol>
      <symbol id="sm-639">
         <name>UARTCharPutNonBlocking</name>
         <value>0x376d</value>
         <object_component_ref idref="oc-72"/>
      </symbol>
      <symbol id="sm-63a">
         <name>UARTConfigSetExpClk</name>
         <value>0x34ad</value>
         <object_component_ref idref="oc-ab"/>
      </symbol>
      <symbol id="sm-63b">
         <name>UARTDisable</name>
         <value>0x3615</value>
         <object_component_ref idref="oc-142"/>
      </symbol>
      <symbol id="sm-63c">
         <name>UARTIntEnable</name>
         <value>0x380d</value>
         <object_component_ref idref="oc-b7"/>
      </symbol>
      <symbol id="sm-63d">
         <name>UARTCharsAvail</name>
         <value>0x37c3</value>
         <object_component_ref idref="oc-7f"/>
      </symbol>
      <symbol id="sm-63e">
         <name>UARTCharGetNonBlocking</name>
         <value>0x375d</value>
         <object_component_ref idref="oc-6e"/>
      </symbol>
      <symbol id="sm-63f">
         <name>UARTCharPut</name>
         <value>0x37f9</value>
         <object_component_ref idref="oc-bb"/>
      </symbol>
      <symbol id="sm-640">
         <name>UARTEnable</name>
         <value>0x36d7</value>
         <object_component_ref idref="oc-146"/>
      </symbol>
      <symbol id="sm-641">
         <name>UARTIntClear</name>
         <value>0x3821</value>
         <object_component_ref idref="oc-6a"/>
      </symbol>
      <symbol id="sm-642">
         <name>UARTIntStatus</name>
         <value>0x3803</value>
         <object_component_ref idref="oc-66"/>
      </symbol>
      <symbol id="sm-6bd">
         <name>SysCtlClockSet</name>
         <value>0x241d</value>
         <object_component_ref idref="oc-83"/>
      </symbol>
      <symbol id="sm-6be">
         <name>SysCtlDelay</name>
         <value>0x3815</value>
         <object_component_ref idref="oc-7e"/>
      </symbol>
      <symbol id="sm-6bf">
         <name>SysCtlPeripheralEnable</name>
         <value>0x3265</value>
         <object_component_ref idref="oc-87"/>
      </symbol>
      <symbol id="sm-6c0">
         <name>SysCtlADCSpeedSet</name>
         <value>0x35f5</value>
         <object_component_ref idref="oc-97"/>
      </symbol>
      <symbol id="sm-6c1">
         <name>SysCtlClockGet</name>
         <value>0x1ecd</value>
         <object_component_ref idref="oc-7a"/>
      </symbol>
      <symbol id="sm-6e9">
         <name>IntEnable</name>
         <value>0x3085</value>
         <object_component_ref idref="oc-b3"/>
      </symbol>
      <symbol id="sm-6ea">
         <name>IntMasterEnable</name>
         <value>0x37ef</value>
         <object_component_ref idref="oc-af"/>
      </symbol>
      <symbol id="sm-734">
         <name>GPIOPinConfigure</name>
         <value>0x3309</value>
         <object_component_ref idref="oc-8b"/>
      </symbol>
      <symbol id="sm-735">
         <name>GPIOPinTypeUART</name>
         <value>0x3727</value>
         <object_component_ref idref="oc-8f"/>
      </symbol>
      <symbol id="sm-736">
         <name>GPIOPinTypeGPIOOutput</name>
         <value>0x3715</value>
         <object_component_ref idref="oc-93"/>
      </symbol>
      <symbol id="sm-737">
         <name>GPIODirModeSet</name>
         <value>0x354d</value>
         <object_component_ref idref="oc-132"/>
      </symbol>
      <symbol id="sm-738">
         <name>GPIOPinWrite</name>
         <value>0x37e5</value>
         <object_component_ref idref="oc-76"/>
      </symbol>
      <symbol id="sm-739">
         <name>GPIOPadConfigSet</name>
         <value>0x299d</value>
         <object_component_ref idref="oc-136"/>
      </symbol>
      <symbol id="sm-741">
         <name>CPUcpsie</name>
         <value>0x37b7</value>
         <object_component_ref idref="oc-14b"/>
      </symbol>
      <symbol id="sm-783">
         <name>ADCProcessorTrigger</name>
         <value>0x3695</value>
         <object_component_ref idref="oc-c3"/>
      </symbol>
      <symbol id="sm-784">
         <name>ADCSequenceEnable</name>
         <value>0x379b</value>
         <object_component_ref idref="oc-a7"/>
      </symbol>
      <symbol id="sm-785">
         <name>ADCSequenceConfigure</name>
         <value>0x35a9</value>
         <object_component_ref idref="oc-9f"/>
      </symbol>
      <symbol id="sm-786">
         <name>ADCSequenceStepConfigure</name>
         <value>0x3019</value>
         <object_component_ref idref="oc-a3"/>
      </symbol>
      <symbol id="sm-787">
         <name>ADCIntClear</name>
         <value>0x37db</value>
         <object_component_ref idref="oc-bf"/>
      </symbol>
      <symbol id="sm-788">
         <name>ADCIntStatus</name>
         <value>0x351f</value>
         <object_component_ref idref="oc-c7"/>
      </symbol>
      <symbol id="sm-789">
         <name>ADCSequenceDisable</name>
         <value>0x378d</value>
         <object_component_ref idref="oc-9b"/>
      </symbol>
      <symbol id="sm-78a">
         <name>ADCSequenceDataGet</name>
         <value>0x35d3</value>
         <object_component_ref idref="oc-d0"/>
      </symbol>
      <symbol id="sm-78b">
         <name>__TI_static_base__</name>
         <value>0x0</value>
      </symbol>
      <symbol id="sm-78c">
         <name>__TI_args_main</name>
         <value>0x1</value>
      </symbol>
      <symbol id="sm-78d">
         <name>SHT$$INIT_ARRAY$$Limit</name>
         <value>0x0</value>
      </symbol>
      <symbol id="sm-78e">
         <name>SHT$$INIT_ARRAY$$Base</name>
         <value>0x0</value>
      </symbol>
      <symbol id="sm-792">
         <name>remove</name>
         <value>0x1555</value>
      </symbol>
   </symbol_table>
   <title>Link successful</title>
</link_info>
