******************************************************************************
                  TI ARM Linker PC v5.1.1                      
******************************************************************************
>> Linked Tue Dec 04 23:18:53 2018

OUTPUT FILE NAME:   <ADC_Test.out>
ENTRY POINT SYMBOL: "_c_int00"  address: 00003351


MEMORY CONFIGURATION

         name            origin    length      used     unused   attr    fill
----------------------  --------  ---------  --------  --------  ----  --------
  FLASH                 00000000   00040000  00003b5c  0003c4a4  R  X
  SRAM                  20000000   00008000  000013d8  00006c28  RW X


SEGMENT ALLOCATION MAP

run origin  load origin   length   init length attrs members
----------  ----------- ---------- ----------- ----- -------
00000000    00000000    00003b60   00003b60    r-x
  00000000    00000000    0000026c   0000026c    r-- .intvecs
  0000026c    0000026c    000035b8   000035b8    r-x .text
  00003824    00003824    00000298   00000298    r-- .const
  00003ac0    00003ac0    000000a0   000000a0    r-- .cinit
20000000    20000000    000013d8   00000000    rw-
  20000000    20000000    00000800   00000000    rw- .stack
  20000800    20000800    00000800   00000000    rw- .sysmem
  20001000    20001000    000001f4   00000000    rw- .data
  200011f4    200011f4    000001e4   00000000    rw- .bss


SECTION ALLOCATION MAP

 output                                  attributes/
section   page    origin      length       input sections
--------  ----  ----------  ----------   ----------------
.intvecs   0    00000000    0000026c     
                  00000000    0000026c     lm4f120h5qr_startup_ccs.obj (.intvecs)

.init_array 
*          0    00000000    00000000     UNINITIALIZED

.text      0    0000026c    000035b8     
                  0000026c    00000e8c     rtsv7M4_T_le_v4SPD16_eabi.lib : _printfi.obj (.text)
                  000010f8    000003cc                                   : memory.obj (.text)
                  000014c4    00000310                                   : lowlev.obj (.text)
                  000017d4    000002d4                                   : trgdrv.obj (.text)
                  00001aa8    00000230     main.obj (.text)
                  00001cd8    000001f4     rtsv7M4_T_le_v4SPD16_eabi.lib : ull_div_t2.obj (.text)
                  00001ecc    000001d8     driverlib-cm4f.lib : sysctl.obj (.text:SysCtlClockGet)
                  000020a4    000001c0     rtsv7M4_T_le_v4SPD16_eabi.lib : fopen.obj (.text)
                  00002264    000001b6                                   : fd_add_t2.obj (.text)
                  0000241a    00000002     --HOLE-- [fill = 0]
                  0000241c    0000013c     driverlib-cm4f.lib : sysctl.obj (.text:SysCtlClockSet)
                  00002558    00000136     rtsv7M4_T_le_v4SPD16_eabi.lib : fd_div_t2.obj (.text)
                  0000268e    00000002     --HOLE-- [fill = 0]
                  00002690    00000134                                   : fputs.obj (.text)
                  000027c4    000000fc                                   : fd_mul_t2.obj (.text)
                  000028c0    000000dc                                   : setvbuf.obj (.text)
                  0000299c    000000c8     driverlib-cm4f.lib : gpio.obj (.text:GPIOPadConfigSet)
                  00002a64    000000c0     rtsv7M4_T_le_v4SPD16_eabi.lib : fflush.obj (.text)
                  00002b24    000000ac                                   : _io_perm.obj (.text)
                  00002bd0    0000009c                                   : fputc.obj (.text)
                  00002c6c    0000009c                                   : memcpy_t2.obj (.text)
                  00002d08    00000098                                   : fclose.obj (.text)
                  00002da0    00000094                                   : auto_init.obj (.text)
                  00002e34    0000007e                                   : fd_cmp_t2.obj (.text:__aeabi_cdcmple)
                  00002eb2    0000007e                                   : fd_cmp_t2.obj (.text:__aeabi_cdrcmple)
                  00002f30    00000078                                   : memset_t2.obj (.text)
                  00002fa8    00000070                                   : printf.obj (.text)
                  00003018    0000006c     driverlib-cm4f.lib : adc.obj (.text:ADCSequenceStepConfigure)
                  00003084    00000064                        : interrupt.obj (.text:IntEnable)
                  000030e8    00000064     rtsv7M4_T_le_v4SPD16_eabi.lib : fseek.obj (.text)
                  0000314c    00000060                                   : trgmsg.obj (.text)
                  000031ac    0000005e                                   : copy_decompress_rle.obj (.text)
                  0000320a    0000005a                                   : ltoa.obj (.text)
                  00003264    00000058     driverlib-cm4f.lib : sysctl.obj (.text:SysCtlPeripheralEnable)
                  000032bc    0000004c     rtsv7M4_T_le_v4SPD16_eabi.lib : atoi.obj (.text)
                  00003308    00000048     driverlib-cm4f.lib : gpio.obj (.text:GPIOPinConfigure)
                  00003350    00000048     rtsv7M4_T_le_v4SPD16_eabi.lib : boot.obj (.text)
                  00003398    00000048                                   : fd_toi_t2.obj (.text)
                  000033e0    00000044                                   : cpy_tbl.obj (.text)
                  00003424    00000044                                   : exit.obj (.text)
                  00003468    00000044                                   : xdtest.obj (.text)
                  000034ac    00000042     driverlib-cm4f.lib : uart.obj (.text:UARTConfigSetExpClk)
                  000034ee    00000030     rtsv7M4_T_le_v4SPD16_eabi.lib : strncpy.obj (.text)
                  0000351e    0000002e     driverlib-cm4f.lib : adc.obj (.text:ADCIntStatus)
                  0000354c    0000002e                        : gpio.obj (.text:GPIODirModeSet)
                  0000357a    0000002e     rtsv7M4_T_le_v4SPD16_eabi.lib : i_tofd_t2.obj (.text)
                  000035a8    0000002a     driverlib-cm4f.lib : adc.obj (.text:ADCSequenceConfigure)
                  000035d2    00000020                        : adc.obj (.text:ADCSequenceDataGet)
                  000035f2    00000002     --HOLE-- [fill = 0]
                  000035f4    00000020                        : sysctl.obj (.text:SysCtlADCSpeedSet)
                  00003614    0000001c                        : uart.obj (.text:UARTDisable)
                  00003630    0000001c     rtsv7M4_T_le_v4SPD16_eabi.lib : memccpy.obj (.text)
                  0000364c    00000018                                   : args_main.obj (.text)
                  00003664    00000018                                   : ll_mul_t2.obj (.text)
                  0000367c    00000018                                   : strcmp.obj (.text)
                  00003694    00000016     driverlib-cm4f.lib : adc.obj (.text:ADCProcessorTrigger)
                  000036aa    00000016     rtsv7M4_T_le_v4SPD16_eabi.lib : memchr.obj (.text)
                  000036c0    00000016                                   : strchr.obj (.text)
                  000036d6    00000014     driverlib-cm4f.lib : uart.obj (.text:UARTEnable)
                  000036ea    00000002     --HOLE-- [fill = 0]
                  000036ec    00000014     rtsv7M4_T_le_v4SPD16_eabi.lib : _lock.obj (.text)
                  00003700    00000014                                   : strlen.obj (.text)
                  00003714    00000012     driverlib-cm4f.lib : gpio.obj (.text:GPIOPinTypeGPIOOutput)
                  00003726    00000012                        : gpio.obj (.text:GPIOPinTypeUART)
                  00003738    00000012     rtsv7M4_T_le_v4SPD16_eabi.lib : copy_zero_init.obj (.text:decompress:ZI)
                  0000374a    00000012                                   : xdclass.obj (.text)
                  0000375c    00000010     driverlib-cm4f.lib : uart.obj (.text:UARTCharGetNonBlocking)
                  0000376c    00000010                        : uart.obj (.text:UARTCharPutNonBlocking)
                  0000377c    00000010     rtsv7M4_T_le_v4SPD16_eabi.lib : strcpy.obj (.text)
                  0000378c    0000000e     driverlib-cm4f.lib : adc.obj (.text:ADCSequenceDisable)
                  0000379a    0000000e                        : adc.obj (.text:ADCSequenceEnable)
                  000037a8    0000000e     rtsv7M4_T_le_v4SPD16_eabi.lib : copy_decompress_none.obj (.text:decompress:none)
                  000037b6    0000000c     driverlib-cm4f.lib : cpu.obj (.text:CPUcpsie)
                  000037c2    0000000c                        : uart.obj (.text:UARTCharsAvail)
                  000037ce    0000000c     lm4f120h5qr_startup_ccs.obj (.text)
                  000037da    0000000a     driverlib-cm4f.lib : adc.obj (.text:ADCIntClear)
                  000037e4    0000000a                        : gpio.obj (.text:GPIOPinWrite)
                  000037ee    0000000a                        : interrupt.obj (.text:IntMasterEnable)
                  000037f8    0000000a                        : uart.obj (.text:UARTCharPut)
                  00003802    0000000a                        : uart.obj (.text:UARTIntStatus)
                  0000380c    00000008                        : uart.obj (.text:UARTIntEnable)
                  00003814    00000006                        : sysctl.obj (.text:SysCtlDelay)
                  0000381a    00000006     rtsv7M4_T_le_v4SPD16_eabi.lib : copy_decompress_rle.obj (.text:decompress:rle24)
                  00003820    00000004     driverlib-cm4f.lib : uart.obj (.text:UARTIntClear)

.const     0    00003824    00000298     
                  00003824    00000102     rtsv7M4_T_le_v4SPD16_eabi.lib : ctype.obj (.const:.string:_ctypes_)
                  00003926    00000002     --HOLE-- [fill = 0]
                  00003928    00000078     driverlib-cm4f.lib : gpio.obj (.const:g_pulGPIOBaseAddrs)
                  000039a0    00000070                        : interrupt.obj (.const)
                  00003a10    0000006c                        : sysctl.obj (.const:g_pulXtals)
                  00003a7c    00000040                        : sysctl.obj (.const)

.cinit     0    00003ac0    000000a0     
                  00003ac0    00000077     (.cinit..data.load) [load image, compression = rle]
                  00003b37    00000001     --HOLE-- [fill = 0]
                  00003b38    0000000c     (__TI_handler_table)
                  00003b44    00000004     --HOLE-- [fill = 0]
                  00003b48    00000008     (.cinit..bss.load) [load image, compression = zero_init]
                  00003b50    00000010     (__TI_cinit_table)

.stack     0    20000000    00000800     UNINITIALIZED
                  20000000    00000800     --HOLE--

.sysmem    0    20000800    00000800     UNINITIALIZED
                  20000800    00000008     rtsv7M4_T_le_v4SPD16_eabi.lib : memory.obj (.sysmem)
                  20000808    000007f8     --HOLE--

.data      0    20001000    000001f4     UNINITIALIZED
                  20001000    000000f0     rtsv7M4_T_le_v4SPD16_eabi.lib : defs.obj (.data:_ftable)
                  200010f0    000000d0                                   : lowlev.obj (.data)
                  200011c0    00000010                                   : defs.obj (.data)
                  200011d0    0000000c                                   : memory.obj (.data)
                  200011dc    00000008                                   : _lock.obj (.data)
                  200011e4    00000008                                   : exit.obj (.data)
                  200011ec    00000004                                   : fopen.obj (.data)
                  200011f0    00000004                                   : stkdepth_vars.obj (.data)

.bss       0    200011f4    000001e4     UNINITIALIZED
                  200011f4    00000120     rtsv7M4_T_le_v4SPD16_eabi.lib : trgmsg.obj (.bss:__CIOBUF_)
                  20001314    000000a0                                   : defs.obj (.bss:__TI_tmpnams)
                  200013b4    00000010     (.common:ulADC0Value)
                  200013c4    00000008     (.common:parmbuf)
                  200013cc    00000004     (.common:ulTempAvg)
                  200013d0    00000004     (.common:ulTempValueC)
                  200013d4    00000004     (.common:ulTempValueF)


LINKER GENERATED COPY TABLES

__TI_cinit_table @ 00003b50 records: 2, size/record: 8, table size: 16
	.data: load addr=00003ac0, load size=00000077 bytes, run addr=20001000, run size=000001f4 bytes, compression=rle
	.bss: load addr=00003b48, load size=00000008 bytes, run addr=200011f4, run size=000001e4 bytes, compression=zero_init


LINKER GENERATED HANDLER TABLE

__TI_handler_table @ 00003b38 records: 3, size/record: 4, table size: 12
	index: 0, handler: __TI_decompress_rle24
	index: 1, handler: __TI_decompress_none
	index: 2, handler: __TI_zero_init


GLOBAL SYMBOLS: SORTED ALPHABETICALLY BY Name 

address    name
--------   ----
000037db   ADCIntClear
0000351f   ADCIntStatus
00003695   ADCProcessorTrigger
000035a9   ADCSequenceConfigure
000035d3   ADCSequenceDataGet
0000378d   ADCSequenceDisable
0000379b   ADCSequenceEnable
00003019   ADCSequenceStepConfigure
00003425   C$$EXIT
00003177   C$$IO$$
000037b7   CPUcpsie
0000354d   GPIODirModeSet
0000299d   GPIOPadConfigSet
00003309   GPIOPinConfigure
00003715   GPIOPinTypeGPIOOutput
00003727   GPIOPinTypeUART
000037e5   GPIOPinWrite
00001a61   HOSTclock
00001a29   HOSTclose
000019eb   HOSTgetenv
0000198f   HOSTlseek
0000193d   HOSTopen
000018f1   HOSTread
00001893   HOSTrename
00001859   HOSTtime
00001821   HOSTunlink
000017d5   HOSTwrite
00003085   IntEnable
000037ef   IntMasterEnable
000037cf   ResetISR
UNDEFED    SHT$$INIT_ARRAY$$Base
UNDEFED    SHT$$INIT_ARRAY$$Limit
000035f5   SysCtlADCSpeedSet
00001ecd   SysCtlClockGet
0000241d   SysCtlClockSet
00003815   SysCtlDelay
00003265   SysCtlPeripheralEnable
0000375d   UARTCharGetNonBlocking
000037f9   UARTCharPut
0000376d   UARTCharPutNonBlocking
000037c3   UARTCharsAvail
000034ad   UARTConfigSetExpClk
00003615   UARTDisable
000036d7   UARTEnable
00003821   UARTIntClear
0000380d   UARTIntEnable
00001aa9   UARTIntHandler
00003803   UARTIntStatus
0000374b   _Dclass
00003469   _Dtest
200011f4   __CIOBUF_
20000800   __STACK_END
00000800   __STACK_SIZE
20000200   __STACK_TOP
00000800   __SYSMEM_SIZE
00003b50   __TI_CINIT_Base
00003b60   __TI_CINIT_Limit
00003b38   __TI_Handler_Table_Base
00003b44   __TI_Handler_Table_Limit
00000001   __TI_args_main
00002da1   __TI_auto_init
0000216d   __TI_cleanup
200011e4   __TI_cleanup_ptr
00002d09   __TI_closefile
000037a9   __TI_decompress_none
0000381b   __TI_decompress_rle24
00002a65   __TI_doflush
200011e8   __TI_dtors_ptr
200011c0   __TI_ft_end
00000def   __TI_printfi
00002b87   __TI_rd_ok
0000317b   __TI_readmsg
00000000   __TI_static_base__
20001314   __TI_tmpnams
0000314d   __TI_writemsg
00002b25   __TI_wrt_ok
00003739   __TI_zero_init
00002e35   __aeabi_cdcmpeq
00002e35   __aeabi_cdcmple
00002eb3   __aeabi_cdrcmple
00003399   __aeabi_d2iz
0000226f   __aeabi_dadd
00002559   __aeabi_ddiv
000027c5   __aeabi_dmul
00002265   __aeabi_dsub
0000357b   __aeabi_i2d
00003665   __aeabi_lmul
00002f31   __aeabi_memclr
00002f31   __aeabi_memclr4
00002f31   __aeabi_memclr8
00002c6d   __aeabi_memcpy
00002c6d   __aeabi_memcpy4
00002c6d   __aeabi_memcpy8
00002f33   __aeabi_memset
00002f33   __aeabi_memset4
00002f33   __aeabi_memset8
200011cc   __aeabi_stderr
200011c4   __aeabi_stdin
200011c8   __aeabi_stdout
00001cd9   __aeabi_uldivmod
ffffffff   __binit__
ffffffff   __c_args__
20000000   __stack
0000364d   _args_main
00003351   _c_int00
00003824   _ctypes_
20001000   _ftable
200011dc   _lock
000036fb   _nop
000036f3   _register_lock
000036ed   _register_unlock
20000800   _sys_memory
200011e0   _unlock
00003429   abort
00001727   add_device
000032bd   atoi
ffffffff   binit
0000148d   calloc
000016d5   close
000033e1   copy_in
00003431   exit
00002d6f   fclose
00002ab1   fflush
000021c3   fopen
00002bd1   fputc
00002691   fputs
000011e7   free
00002199   freopen
000030e9   fseek
00000000   g_pfnVectors
000016b1   lseek
0000320b   ltoa
00001afd   main
200011f0   main_func_sp
00001185   malloc
000013ad   memalign
00003631   memccpy
000036ab   memchr
00002c6d   memcpy
00002f39   memset
000010f9   minit
00001603   open
00002fb1   printf
00002c55   putc
00002c59   putchar
0000279d   puts
000015df   read
000012a7   realloc
00001555   remove
000015b7   remove_device
00001579   rename
000028c1   setvbuf
000036c1   strchr
0000367d   strcmp
0000377d   strcpy
00003701   strlen
000034ef   strncpy
200013b4   ulADC0Value
200013cc   ulTempAvg
200013d0   ulTempValueC
200013d4   ulTempValueF
00001555   unlink
000014c5   write


GLOBAL SYMBOLS: SORTED BY Symbol Address 

address    name
--------   ----
00000000   __TI_static_base__
00000000   g_pfnVectors
00000001   __TI_args_main
00000800   __STACK_SIZE
00000800   __SYSMEM_SIZE
00000def   __TI_printfi
000010f9   minit
00001185   malloc
000011e7   free
000012a7   realloc
000013ad   memalign
0000148d   calloc
000014c5   write
00001555   remove
00001555   unlink
00001579   rename
000015b7   remove_device
000015df   read
00001603   open
000016b1   lseek
000016d5   close
00001727   add_device
000017d5   HOSTwrite
00001821   HOSTunlink
00001859   HOSTtime
00001893   HOSTrename
000018f1   HOSTread
0000193d   HOSTopen
0000198f   HOSTlseek
000019eb   HOSTgetenv
00001a29   HOSTclose
00001a61   HOSTclock
00001aa9   UARTIntHandler
00001afd   main
00001cd9   __aeabi_uldivmod
00001ecd   SysCtlClockGet
0000216d   __TI_cleanup
00002199   freopen
000021c3   fopen
00002265   __aeabi_dsub
0000226f   __aeabi_dadd
0000241d   SysCtlClockSet
00002559   __aeabi_ddiv
00002691   fputs
0000279d   puts
000027c5   __aeabi_dmul
000028c1   setvbuf
0000299d   GPIOPadConfigSet
00002a65   __TI_doflush
00002ab1   fflush
00002b25   __TI_wrt_ok
00002b87   __TI_rd_ok
00002bd1   fputc
00002c55   putc
00002c59   putchar
00002c6d   __aeabi_memcpy
00002c6d   __aeabi_memcpy4
00002c6d   __aeabi_memcpy8
00002c6d   memcpy
00002d09   __TI_closefile
00002d6f   fclose
00002da1   __TI_auto_init
00002e35   __aeabi_cdcmpeq
00002e35   __aeabi_cdcmple
00002eb3   __aeabi_cdrcmple
00002f31   __aeabi_memclr
00002f31   __aeabi_memclr4
00002f31   __aeabi_memclr8
00002f33   __aeabi_memset
00002f33   __aeabi_memset4
00002f33   __aeabi_memset8
00002f39   memset
00002fb1   printf
00003019   ADCSequenceStepConfigure
00003085   IntEnable
000030e9   fseek
0000314d   __TI_writemsg
00003177   C$$IO$$
0000317b   __TI_readmsg
0000320b   ltoa
00003265   SysCtlPeripheralEnable
000032bd   atoi
00003309   GPIOPinConfigure
00003351   _c_int00
00003399   __aeabi_d2iz
000033e1   copy_in
00003425   C$$EXIT
00003429   abort
00003431   exit
00003469   _Dtest
000034ad   UARTConfigSetExpClk
000034ef   strncpy
0000351f   ADCIntStatus
0000354d   GPIODirModeSet
0000357b   __aeabi_i2d
000035a9   ADCSequenceConfigure
000035d3   ADCSequenceDataGet
000035f5   SysCtlADCSpeedSet
00003615   UARTDisable
00003631   memccpy
0000364d   _args_main
00003665   __aeabi_lmul
0000367d   strcmp
00003695   ADCProcessorTrigger
000036ab   memchr
000036c1   strchr
000036d7   UARTEnable
000036ed   _register_unlock
000036f3   _register_lock
000036fb   _nop
00003701   strlen
00003715   GPIOPinTypeGPIOOutput
00003727   GPIOPinTypeUART
00003739   __TI_zero_init
0000374b   _Dclass
0000375d   UARTCharGetNonBlocking
0000376d   UARTCharPutNonBlocking
0000377d   strcpy
0000378d   ADCSequenceDisable
0000379b   ADCSequenceEnable
000037a9   __TI_decompress_none
000037b7   CPUcpsie
000037c3   UARTCharsAvail
000037cf   ResetISR
000037db   ADCIntClear
000037e5   GPIOPinWrite
000037ef   IntMasterEnable
000037f9   UARTCharPut
00003803   UARTIntStatus
0000380d   UARTIntEnable
00003815   SysCtlDelay
0000381b   __TI_decompress_rle24
00003821   UARTIntClear
00003824   _ctypes_
00003b38   __TI_Handler_Table_Base
00003b44   __TI_Handler_Table_Limit
00003b50   __TI_CINIT_Base
00003b60   __TI_CINIT_Limit
20000000   __stack
20000200   __STACK_TOP
20000800   __STACK_END
20000800   _sys_memory
20001000   _ftable
200011c0   __TI_ft_end
200011c4   __aeabi_stdin
200011c8   __aeabi_stdout
200011cc   __aeabi_stderr
200011dc   _lock
200011e0   _unlock
200011e4   __TI_cleanup_ptr
200011e8   __TI_dtors_ptr
200011f0   main_func_sp
200011f4   __CIOBUF_
20001314   __TI_tmpnams
200013b4   ulADC0Value
200013cc   ulTempAvg
200013d0   ulTempValueC
200013d4   ulTempValueF
ffffffff   __binit__
ffffffff   __c_args__
ffffffff   binit
UNDEFED    SHT$$INIT_ARRAY$$Base
UNDEFED    SHT$$INIT_ARRAY$$Limit

[163 symbols]
